Archive member included to satisfy reference by file (symbol)

/Applications/STM32CubeIDE.app/Contents/Eclipse/plugins/com.st.stm32cube.ide.mcu.externaltools.gnu-tools-for-stm32.9-2020-q2-update.macos64_2.0.0.202105311346/tools/bin/../lib/gcc/arm-none-eabi/9.3.1/../../../../arm-none-eabi/lib/thumb/v7e-m+fp/hard/libc_nano.a(lib_a-atoi.o)
                              ./Core/Src/main.o (atoi)
/Applications/STM32CubeIDE.app/Contents/Eclipse/plugins/com.st.stm32cube.ide.mcu.externaltools.gnu-tools-for-stm32.9-2020-q2-update.macos64_2.0.0.202105311346/tools/bin/../lib/gcc/arm-none-eabi/9.3.1/../../../../arm-none-eabi/lib/thumb/v7e-m+fp/hard/libc_nano.a(lib_a-errno.o)
                              ./Core/Src/syscalls.o (__errno)
/Applications/STM32CubeIDE.app/Contents/Eclipse/plugins/com.st.stm32cube.ide.mcu.externaltools.gnu-tools-for-stm32.9-2020-q2-update.macos64_2.0.0.202105311346/tools/bin/../lib/gcc/arm-none-eabi/9.3.1/../../../../arm-none-eabi/lib/thumb/v7e-m+fp/hard/libc_nano.a(lib_a-exit.o)
                              /Applications/STM32CubeIDE.app/Contents/Eclipse/plugins/com.st.stm32cube.ide.mcu.externaltools.gnu-tools-for-stm32.9-2020-q2-update.macos64_2.0.0.202105311346/tools/bin/../lib/gcc/arm-none-eabi/9.3.1/../../../../arm-none-eabi/lib/thumb/v7e-m+fp/hard/crt0.o (exit)
/Applications/STM32CubeIDE.app/Contents/Eclipse/plugins/com.st.stm32cube.ide.mcu.externaltools.gnu-tools-for-stm32.9-2020-q2-update.macos64_2.0.0.202105311346/tools/bin/../lib/gcc/arm-none-eabi/9.3.1/../../../../arm-none-eabi/lib/thumb/v7e-m+fp/hard/libc_nano.a(lib_a-findfp.o)
                              ./Middlewares/Third_Party/FreeRTOS/Source/tasks.o (__sf_fake_stderr)
/Applications/STM32CubeIDE.app/Contents/Eclipse/plugins/com.st.stm32cube.ide.mcu.externaltools.gnu-tools-for-stm32.9-2020-q2-update.macos64_2.0.0.202105311346/tools/bin/../lib/gcc/arm-none-eabi/9.3.1/../../../../arm-none-eabi/lib/thumb/v7e-m+fp/hard/libc_nano.a(lib_a-fwalk.o)
                              /Applications/STM32CubeIDE.app/Contents/Eclipse/plugins/com.st.stm32cube.ide.mcu.externaltools.gnu-tools-for-stm32.9-2020-q2-update.macos64_2.0.0.202105311346/tools/bin/../lib/gcc/arm-none-eabi/9.3.1/../../../../arm-none-eabi/lib/thumb/v7e-m+fp/hard/libc_nano.a(lib_a-findfp.o) (_fwalk)
/Applications/STM32CubeIDE.app/Contents/Eclipse/plugins/com.st.stm32cube.ide.mcu.externaltools.gnu-tools-for-stm32.9-2020-q2-update.macos64_2.0.0.202105311346/tools/bin/../lib/gcc/arm-none-eabi/9.3.1/../../../../arm-none-eabi/lib/thumb/v7e-m+fp/hard/libc_nano.a(lib_a-impure.o)
                              /Applications/STM32CubeIDE.app/Contents/Eclipse/plugins/com.st.stm32cube.ide.mcu.externaltools.gnu-tools-for-stm32.9-2020-q2-update.macos64_2.0.0.202105311346/tools/bin/../lib/gcc/arm-none-eabi/9.3.1/../../../../arm-none-eabi/lib/thumb/v7e-m+fp/hard/libc_nano.a(lib_a-exit.o) (_global_impure_ptr)
/Applications/STM32CubeIDE.app/Contents/Eclipse/plugins/com.st.stm32cube.ide.mcu.externaltools.gnu-tools-for-stm32.9-2020-q2-update.macos64_2.0.0.202105311346/tools/bin/../lib/gcc/arm-none-eabi/9.3.1/../../../../arm-none-eabi/lib/thumb/v7e-m+fp/hard/libc_nano.a(lib_a-init.o)
                              /Applications/STM32CubeIDE.app/Contents/Eclipse/plugins/com.st.stm32cube.ide.mcu.externaltools.gnu-tools-for-stm32.9-2020-q2-update.macos64_2.0.0.202105311346/tools/bin/../lib/gcc/arm-none-eabi/9.3.1/../../../../arm-none-eabi/lib/thumb/v7e-m+fp/hard/crt0.o (__libc_init_array)
/Applications/STM32CubeIDE.app/Contents/Eclipse/plugins/com.st.stm32cube.ide.mcu.externaltools.gnu-tools-for-stm32.9-2020-q2-update.macos64_2.0.0.202105311346/tools/bin/../lib/gcc/arm-none-eabi/9.3.1/../../../../arm-none-eabi/lib/thumb/v7e-m+fp/hard/libc_nano.a(lib_a-lock.o)
                              /Applications/STM32CubeIDE.app/Contents/Eclipse/plugins/com.st.stm32cube.ide.mcu.externaltools.gnu-tools-for-stm32.9-2020-q2-update.macos64_2.0.0.202105311346/tools/bin/../lib/gcc/arm-none-eabi/9.3.1/../../../../arm-none-eabi/lib/thumb/v7e-m+fp/hard/libc_nano.a(lib_a-findfp.o) (__retarget_lock_init_recursive)
/Applications/STM32CubeIDE.app/Contents/Eclipse/plugins/com.st.stm32cube.ide.mcu.externaltools.gnu-tools-for-stm32.9-2020-q2-update.macos64_2.0.0.202105311346/tools/bin/../lib/gcc/arm-none-eabi/9.3.1/../../../../arm-none-eabi/lib/thumb/v7e-m+fp/hard/libc_nano.a(lib_a-malloc.o)
                              ./Pheripheral_Drivers/Src/encoder.o (malloc)
/Applications/STM32CubeIDE.app/Contents/Eclipse/plugins/com.st.stm32cube.ide.mcu.externaltools.gnu-tools-for-stm32.9-2020-q2-update.macos64_2.0.0.202105311346/tools/bin/../lib/gcc/arm-none-eabi/9.3.1/../../../../arm-none-eabi/lib/thumb/v7e-m+fp/hard/libc_nano.a(lib_a-memcpy-stub.o)
                              ./Middlewares/Third_Party/FreeRTOS/Source/CMSIS_RTOS_V2/cmsis_os2.o (memcpy)
[...]
Memory Configuration

Name             Origin             Length             Attributes
CCMRAM           0x0000000010000000 0x0000000000010000 xrw
RAM              0x0000000020000000 0x0000000000020000 xrw
FLASH            0x0000000008000000 0x0000000000080000 xr
*default*        0x0000000000000000 0xffffffffffffffff

Linker script and memory map

LOAD /Applications/STM32CubeIDE.app/Contents/Eclipse/plugins/com.st.stm32cube.ide.mcu.externaltools.gnu-tools-for-stm32.9-2020-q2-update.macos64_2.0.0.202105311346/tools/bin/../lib/gcc/arm-none-eabi/9.3.1/thumb/v7e-m+fp/hard/crti.o
LOAD /Applications/STM32CubeIDE.app/Contents/Eclipse/plugins/com.st.stm32cube.ide.mcu.externaltools.gnu-tools-for-stm32.9-2020-q2-update.macos64_2.0.0.202105311346/tools/bin/../lib/gcc/arm-none-eabi/9.3.1/thumb/v7e-m+fp/hard/crtbegin.o
LOAD /Applications/STM32CubeIDE.app/Contents/Eclipse/plugins/com.st.stm32cube.ide.mcu.externaltools.gnu-tools-for-stm32.9-2020-q2-update.macos64_2.0.0.202105311346/tools/bin/../lib/gcc/arm-none-eabi/9.3.1/../../../../arm-none-eabi/lib/thumb/v7e-m+fp/hard/crt0.o
LOAD ./Core/Src/freertos.o
LOAD ./Core/Src/main.o
LOAD ./Core/Src/stm32f4xx_hal_msp.o
LOAD ./Core/Src/stm32f4xx_hal_timebase_tim.o
LOAD ./Core/Src/stm32f4xx_it.o
LOAD ./Core/Src/syscalls.o
LOAD ./Core/Src/sysmem.o
LOAD ./Core/Src/system_stm32f4xx.o
LOAD ./Core/Startup/startup_stm32f407vetx.o
LOAD ./Drivers/STM32F4xx_HAL_Driver/Src/stm32f4xx_hal.o
LOAD ./Drivers/STM32F4xx_HAL_Driver/Src/stm32f4xx_hal_adc.o
LOAD ./Drivers/STM32F4xx_HAL_Driver/Src/stm32f4xx_hal_adc_ex.o
LOAD ./Drivers/STM32F4xx_HAL_Driver/Src/stm32f4xx_hal_cortex.o
LOAD ./Drivers/STM32F4xx_HAL_Driver/Src/stm32f4xx_hal_dma.o
LOAD ./Drivers/STM32F4xx_HAL_Driver/Src/stm32f4xx_hal_dma_ex.o
LOAD ./Drivers/STM32F4xx_HAL_Driver/Src/stm32f4xx_hal_exti.o
LOAD ./Drivers/STM32F4xx_HAL_Driver/Src/stm32f4xx_hal_flash.o
LOAD ./Drivers/STM32F4xx_HAL_Driver/Src/stm32f4xx_hal_flash_ex.o
LOAD ./Drivers/STM32F4xx_HAL_Driver/Src/stm32f4xx_hal_flash_ramfunc.o
LOAD ./Drivers/STM32F4xx_HAL_Driver/Src/stm32f4xx_hal_gpio.o
LOAD ./Drivers/STM32F4xx_HAL_Driver/Src/stm32f4xx_hal_i2c.o
LOAD ./Drivers/STM32F4xx_HAL_Driver/Src/stm32f4xx_hal_i2c_ex.o
LOAD ./Drivers/STM32F4xx_HAL_Driver/Src/stm32f4xx_hal_pwr.o
LOAD ./Drivers/STM32F4xx_HAL_Driver/Src/stm32f4xx_hal_pwr_ex.o
LOAD ./Drivers/STM32F4xx_HAL_Driver/Src/stm32f4xx_hal_rcc.o
LOAD ./Drivers/STM32F4xx_HAL_Driver/Src/stm32f4xx_hal_rcc_ex.o
LOAD ./Drivers/STM32F4xx_HAL_Driver/Src/stm32f4xx_hal_tim.o
LOAD ./Drivers/STM32F4xx_HAL_Driver/Src/stm32f4xx_hal_tim_ex.o
LOAD ./Drivers/STM32F4xx_HAL_Driver/Src/stm32f4xx_hal_uart.o
LOAD ./Drivers/STM32F4xx_HAL_Driver/Src/stm32f4xx_ll_adc.o
LOAD ./Middlewares/Third_Party/FreeRTOS/Source/CMSIS_RTOS_V2/cmsis_os2.o
LOAD ./Middlewares/Third_Party/FreeRTOS/Source/croutine.o
LOAD ./Middlewares/Third_Party/FreeRTOS/Source/event_groups.o
LOAD ./Middlewares/Third_Party/FreeRTOS/Source/list.o
LOAD ./Middlewares/Third_Party/FreeRTOS/Source/queue.o
LOAD ./Middlewares/Third_Party/FreeRTOS/Source/stream_buffer.o
LOAD ./Middlewares/Third_Party/FreeRTOS/Source/tasks.o
LOAD ./Middlewares/Third_Party/FreeRTOS/Source/timers.o
LOAD ./Middlewares/Third_Party/FreeRTOS/Source/portable/GCC/ARM_CM4F/port.o
LOAD ./Middlewares/Third_Party/FreeRTOS/Source/portable/MemMang/heap_4.o
LOAD ./Pheripheral_Drivers/Src/diff.o
LOAD ./Pheripheral_Drivers/Src/dist.o
LOAD ./Pheripheral_Drivers/Src/encoder.o
LOAD ./Pheripheral_Drivers/Src/icm20948.o
LOAD ./Pheripheral_Drivers/Src/motor.o
LOAD ./Pheripheral_Drivers/Src/oled.o
LOAD ./Pheripheral_Drivers/Src/pid.o
LOAD ./Pheripheral_Drivers/Src/speed.o
LOAD ./Pheripheral_Drivers/Src/uart.o
LOAD ./Pheripheral_Drivers/Src/vehicleservo.o
START GROUP
LOAD /Applications/STM32CubeIDE.app/Contents/Eclipse/plugins/com.st.stm32cube.ide.mcu.externaltools.gnu-tools-for-stm32.9-2020-q2-update.macos64_2.0.0.202105311346/tools/bin/../lib/gcc/arm-none-eabi/9.3.1/../../../../arm-none-eabi/lib/thumb/v7e-m+fp/hard/libc_nano.a
LOAD /Applications/STM32CubeIDE.app/Contents/Eclipse/plugins/com.st.stm32cube.ide.mcu.externaltools.gnu-tools-for-stm32.9-2020-q2-update.macos64_2.0.0.202105311346/tools/bin/../lib/gcc/arm-none-eabi/9.3.1/../../../../arm-none-eabi/lib/thumb/v7e-m+fp/hard/libm.a
END GROUP
START GROUP
LOAD /Applications/STM32CubeIDE.app/Contents/Eclipse/plugins/com.st.stm32cube.ide.mcu.externaltools.gnu-tools-for-stm32.9-2020-q2-update.macos64_2.0.0.202105311346/tools/bin/../lib/gcc/arm-none-eabi/9.3.1/thumb/v7e-m+fp/hard/libgcc.a
LOAD /Applications/STM32CubeIDE.app/Contents/Eclipse/plugins/com.st.stm32cube.ide.mcu.externaltools.gnu-tools-for-stm32.9-2020-q2-update.macos64_2.0.0.202105311346/tools/bin/../lib/gcc/arm-none-eabi/9.3.1/../../../../arm-none-eabi/lib/thumb/v7e-m+fp/hard/libc_nano.a
END GROUP
START GROUP
LOAD /Applications/STM32CubeIDE.app/Contents/Eclipse/plugins/com.st.stm32cube.ide.mcu.externaltools.gnu-tools-for-stm32.9-2020-q2-update.macos64_2.0.0.202105311346/tools/bin/../lib/gcc/arm-none-eabi/9.3.1/thumb/v7e-m+fp/hard/libgcc.a
LOAD /Applications/STM32CubeIDE.app/Contents/Eclipse/plugins/com.st.stm32cube.ide.mcu.externaltools.gnu-tools-for-stm32.9-2020-q2-update.macos64_2.0.0.202105311346/tools/bin/../lib/gcc/arm-none-eabi/9.3.1/../../../../arm-none-eabi/lib/thumb/v7e-m+fp/hard/libc_nano.a
LOAD /Applications/STM32CubeIDE.app/Contents/Eclipse/plugins/com.st.stm32cube.ide.mcu.externaltools.gnu-tools-for-stm32.9-2020-q2-update.macos64_2.0.0.202105311346/tools/bin/../lib/gcc/arm-none-eabi/9.3.1/../../../../arm-none-eabi/lib/thumb/v7e-m+fp/hard/libnosys.a
END GROUP
START GROUP
LOAD /Applications/STM32CubeIDE.app/Contents/Eclipse/plugins/com.st.stm32cube.ide.mcu.externaltools.gnu-tools-for-stm32.9-2020-q2-update.macos64_2.0.0.202105311346/tools/bin/../lib/gcc/arm-none-eabi/9.3.1/thumb/v7e-m+fp/hard/libgcc.a
LOAD /Applications/STM32CubeIDE.app/Contents/Eclipse/plugins/com.st.stm32cube.ide.mcu.externaltools.gnu-tools-for-stm32.9-2020-q2-update.macos64_2.0.0.202105311346/tools/bin/../lib/gcc/arm-none-eabi/9.3.1/../../../../arm-none-eabi/lib/thumb/v7e-m+fp/hard/libc_nano.a
LOAD /Applications/STM32CubeIDE.app/Contents/Eclipse/plugins/com.st.stm32cube.ide.mcu.externaltools.gnu-tools-for-stm32.9-2020-q2-update.macos64_2.0.0.202105311346/tools/bin/../lib/gcc/arm-none-eabi/9.3.1/../../../../arm-none-eabi/lib/thumb/v7e-m+fp/hard/libnosys.a
END GROUP
LOAD /Applications/STM32CubeIDE.app/Contents/Eclipse/plugins/com.st.stm32cube.ide.mcu.externaltools.gnu-tools-for-stm32.9-2020-q2-update.macos64_2.0.0.202105311346/tools/bin/../lib/gcc/arm-none-eabi/9.3.1/thumb/v7e-m+fp/hard/crtend.o
LOAD /Applications/STM32CubeIDE.app/Contents/Eclipse/plugins/com.st.stm32cube.ide.mcu.externaltools.gnu-tools-for-stm32.9-2020-q2-update.macos64_2.0.0.202105311346/tools/bin/../lib/gcc/arm-none-eabi/9.3.1/thumb/v7e-m+fp/hard/crtn.o
                0x0000000020020000                _estack = (ORIGIN (RAM) + LENGTH (RAM))
                0x0000000000000200                _Min_Heap_Size = 0x200
                0x0000000000000400                _Min_Stack_Size = 0x400

.isr_vector     0x0000000008000000      0x188
                0x0000000008000000                . = ALIGN (0x4)
 *(.isr_vector)
 .isr_vector    0x0000000008000000      0x188 ./Core/Startup/startup_stm32f407vetx.o
                0x0000000008000000                g_pfnVectors
                0x0000000008000188                . = ALIGN (0x4)

.text           0x0000000008000190    0x10d44
                0x0000000008000190                . = ALIGN (0x4)
 *(.text)
 .text          0x0000000008000190       0x40 /Applications/STM32CubeIDE.app/Contents/Eclipse/plugins/com.st.stm32cube.ide.mcu.externaltools.gnu-tools-for-stm32.9-2020-q2-update.macos64_2.0.0.202105311346/tools/bin/../lib/gcc/arm-none-eabi/9.3.1/thumb/v7e-m+fp/hard/crtbegin.o
 .text          0x00000000080001d0       0xa0 /Applications/STM32CubeIDE.app/Contents/Eclipse/plugins/com.st.stm32cube.ide.mcu.externaltools.gnu-tools-for-stm32.9-2020-q2-update.macos64_2.0.0.202105311346/tools/bin/../lib/gcc/arm-none-eabi/9.3.1/../../../../arm-none-eabi/lib/thumb/v7e-m+fp/hard/libc_nano.a(lib_a-memchr.o)
                0x00000000080001d0                memchr
 .text          0x0000000008000270      0x378 /Applications/STM32CubeIDE.app/Contents/Eclipse/plugins/com.st.stm32cube.ide.mcu.externaltools.gnu-tools-for-stm32.9-2020-q2-update.macos64_2.0.0.202105311346/tools/bin/../lib/gcc/arm-none-eabi/9.3.1/thumb/v7e-m+fp/hard/libgcc.a(_arm_addsubdf3.o)
                0x0000000008000270                __aeabi_drsub
                0x0000000008000278                __subdf3
                0x0000000008000278                __aeabi_dsub
                0x000000000800027c                __aeabi_dadd
                0x000000000800027c                __adddf3
                0x00000000080004f4                __aeabi_ui2d
                0x00000000080004f4                __floatunsidf
                0x0000000008000514                __floatsidf
                0x0000000008000514                __aeabi_i2d
                0x0000000008000538                __extendsfdf2
                0x0000000008000538                __aeabi_f2d
                0x000000000800057c                __aeabi_ul2d
                0x000000000800057c                __floatundidf
                0x000000000800058c                __aeabi_l2d
                0x000000000800058c                __floatdidf
 .text          0x00000000080005e8      0x424 /Applications/STM32CubeIDE.app/Contents/Eclipse/plugins/com.st.stm32cube.ide.mcu.externaltools.gnu-tools-for-stm32.9-2020-q2-update.macos64_2.0.0.202105311346/tools/bin/../lib/gcc/arm-none-eabi/9.3.1/thumb/v7e-m+fp/hard/libgcc.a(_arm_muldivdf3.o)
                0x00000000080005e8                __aeabi_dmul
                0x00000000080005e8                __muldf3
                0x000000000800083c                __aeabi_ddiv
                0x000000000800083c                __divdf3
 .text          0x0000000008000a0c      0x110 /Applications/STM32CubeIDE.app/Contents/Eclipse/plugins/com.st.stm32cube.ide.mcu.externaltools.gnu-tools-for-stm32.9-2020-q2-update.macos64_2.0.0.202105311346/tools/bin/../lib/gcc/arm-none-eabi/9.3.1/thumb/v7e-m+fp/hard/libgcc.a(_arm_cmpdf2.o)
                0x0000000008000a0c                __gedf2
                0x0000000008000a0c                __gtdf2
                0x0000000008000a14                __ledf2
                0x0000000008000a14                __ltdf2
                0x0000000008000a1c                __cmpdf2
                0x0000000008000a1c                __eqdf2
                0x0000000008000a1c                __nedf2
                0x0000000008000a98                __aeabi_cdrcmple
                0x0000000008000aa8                __aeabi_cdcmple
                0x0000000008000aa8                __aeabi_cdcmpeq
                0x0000000008000ab8                __aeabi_dcmpeq
                0x0000000008000acc                __aeabi_dcmplt
                0x0000000008000ae0                __aeabi_dcmple
                0x0000000008000af4                __aeabi_dcmpge
                0x0000000008000b08                __aeabi_dcmpgt
 .text          0x0000000008000b1c       0x2c /Applications/STM32CubeIDE.app/Contents/Eclipse/plugins/com.st.stm32cube.ide.mcu.externaltools.gnu-tools-for-stm32.9-2020-q2-update.macos64_2.0.0.202105311346/tools/bin/../lib/gcc/arm-none-eabi/9.3.1/thumb/v7e-m+fp/hard/libgcc.a(_arm_unorddf2.o)
                0x0000000008000b1c                __aeabi_dcmpun
                0x0000000008000b1c                __unorddf2
 .text          0x0000000008000b48       0x50 /Applications/STM32CubeIDE.app/Contents/Eclipse/plugins/com.st.stm32cube.ide.mcu.externaltools.gnu-tools-for-stm32.9-2020-q2-update.macos64_2.0.0.202105311346/tools/bin/../lib/gcc/arm-none-eabi/9.3.1/thumb/v7e-m+fp/hard/libgcc.a(_arm_fixdfsi.o)
                0x0000000008000b48                __fixdfsi
                0x0000000008000b48                __aeabi_d2iz
 .text          0x0000000008000b98       0x40 /Applications/STM32CubeIDE.app/Contents/Eclipse/plugins/com.st.stm32cube.ide.mcu.externaltools.gnu-tools-for-stm32.9-2020-q2-update.macos64_2.0.0.202105311346/tools/bin/../lib/gcc/arm-none-eabi/9.3.1/thumb/v7e-m+fp/hard/libgcc.a(_arm_fixunsdfsi.o)
                0x0000000008000b98                __fixunsdfsi
                0x0000000008000b98                __aeabi_d2uiz
 .text          0x0000000008000bd8       0xa0 /Applications/STM32CubeIDE.app/Contents/Eclipse/plugins/com.st.stm32cube.ide.mcu.externaltools.gnu-tools-for-stm32.9-2020-q2-update.macos64_2.0.0.202105311346/tools/bin/../lib/gcc/arm-none-eabi/9.3.1/thumb/v7e-m+fp/hard/libgcc.a(_arm_truncdfsf2.o)
                0x0000000008000bd8                __aeabi_d2f
                0x0000000008000bd8                __truncdfsf2
 .text          0x0000000008000c78      0x21c /Applications/STM32CubeIDE.app/Contents/Eclipse/plugins/com.st.stm32cube.ide.mcu.externaltools.gnu-tools-for-stm32.9-2020-q2-update.macos64_2.0.0.202105311346/tools/bin/../lib/gcc/arm-none-eabi/9.3.1/thumb/v7e-m+fp/hard/libgcc.a(_arm_addsubsf3.o)
                0x0000000008000c78                __aeabi_frsub
                0x0000000008000c80                __aeabi_fsub
                0x0000000008000c80                __subsf3
                0x0000000008000c84                __aeabi_fadd
                0x0000000008000c84                __addsf3
                0x0000000008000de4                __aeabi_ui2f
                0x0000000008000de4                __floatunsisf
                0x0000000008000dec                __floatsisf
                0x0000000008000dec                __aeabi_i2f
                0x0000000008000e08                __aeabi_ul2f
                0x0000000008000e08                __floatundisf
                0x0000000008000e18                __aeabi_l2f
                0x0000000008000e18                __floatdisf
 .text          0x0000000008000e94       0x30 /Applications/STM32CubeIDE.app/Contents/Eclipse/plugins/com.st.stm32cube.ide.mcu.externaltools.gnu-tools-for-stm32.9-2020-q2-update.macos64_2.0.0.202105311346/tools/bin/../lib/gcc/arm-none-eabi/9.3.1/thumb/v7e-m+fp/hard/libgcc.a(_aeabi_uldivmod.o)
                0x0000000008000e94                __aeabi_uldivmod
 .text          0x0000000008000ec4       0x3c /Applications/STM32CubeIDE.app/Contents/Eclipse/plugins/com.st.stm32cube.ide.mcu.externaltools.gnu-tools-for-stm32.9-2020-q2-update.macos64_2.0.0.202105311346/tools/bin/../lib/gcc/arm-none-eabi/9.3.1/thumb/v7e-m+fp/hard/libgcc.a(_fixunsdfdi.o)
                0x0000000008000ec4                __aeabi_d2ulz
                0x0000000008000ec4                __fixunsdfdi
 .text          0x0000000008000f00      0x2c4 /Applications/STM32CubeIDE.app/Contents/Eclipse/plugins/com.st.stm32cube.ide.mcu.externaltools.gnu-tools-for-stm32.9-2020-q2-update.macos64_2.0.0.202105311346/tools/bin/../lib/gcc/arm-none-eabi/9.3.1/thumb/v7e-m+fp/hard/libgcc.a(_udivmoddi4.o)
                0x0000000008000f00                __udivmoddi4
 .text          0x00000000080011c4        0x4 /Applications/STM32CubeIDE.app/Contents/Eclipse/plugins/com.st.stm32cube.ide.mcu.externaltools.gnu-tools-for-stm32.9-2020-q2-update.macos64_2.0.0.202105311346/tools/bin/../lib/gcc/arm-none-eabi/9.3.1/thumb/v7e-m+fp/hard/libgcc.a(_dvmd_tls.o)
                0x00000000080011c4                __aeabi_ldiv0
                0x00000000080011c4                __aeabi_idiv0
 *(.text*)
 .text.isalphachar
                0x00000000080011c8       0x38 ./Core/Src/main.o
                0x00000000080011c8                isalphachar
 .text.uart_switch
                0x0000000008001200      0x41c ./Core/Src/main.o
                0x0000000008001200                uart_switch
 .text.main     0x000000000800161c       0xd8 ./Core/Src/main.o
                0x000000000800161c                main
 .text.SystemClock_Config
                0x00000000080016f4       0xbc ./Core/Src/main.o
                0x00000000080016f4                SystemClock_Config
 .text.MX_ADC1_Init
                0x00000000080017b0       0xa4 ./Core/Src/main.o
 .text.MX_ADC2_Init
                0x0000000008001854       0xa4 ./Core/Src/main.o
 .text.MX_I2C1_Init
                0x00000000080018f8       0x5c ./Core/Src/main.o
 .text.MX_TIM1_Init
                0x0000000008001954      0x188 ./Core/Src/main.o
 .text.MX_TIM2_Init
                0x0000000008001adc       0xa8 ./Core/Src/main.o
 .text.MX_TIM4_Init
                0x0000000008001b84       0xa8 ./Core/Src/main.o
 .text.MX_TIM8_Init
                0x0000000008001c2c      0x158 ./Core/Src/main.o
 .text.MX_USART3_UART_Init
                0x0000000008001d84       0x54 ./Core/Src/main.o
 .text.MX_GPIO_Init
                0x0000000008001dd8      0x16c ./Core/Src/main.o
 *fill*         0x0000000008001f44        0x4 
 .text.HAL_TIM_IC_CaptureCallback
                0x0000000008001f48      0x11c ./Core/Src/main.o
                0x0000000008001f48                HAL_TIM_IC_CaptureCallback
 .text.HAL_UART_RxCpltCallback
                0x0000000008002064       0x28 ./Core/Src/main.o
                0x0000000008002064                HAL_UART_RxCpltCallback
 .text.StartDefaultTask
                0x000000000800208c       0x14 ./Core/Src/main.o
                0x000000000800208c                StartDefaultTask
 .text.StartUartTask
                0x00000000080020a0       0x10 ./Core/Src/main.o
                0x00000000080020a0                StartUartTask
 .text.StartShowTask
                0x00000000080020b0      0x51c ./Core/Src/main.o
                0x00000000080020b0                StartShowTask
 *fill*         0x00000000080025cc        0x4 
 .text.StartPathBuilderTask
                0x00000000080025d0     0x125c ./Core/Src/main.o
                0x00000000080025d0                StartPathBuilderTask
 *fill*         0x000000000800382c        0x4 
 .text.IR       0x0000000008003830       0xe4 ./Core/Src/main.o
                0x0000000008003830                IR
 .text.HAL_TIM_PeriodElapsedCallback
                0x0000000008003914       0x24 ./Core/Src/main.o
                0x0000000008003914                HAL_TIM_PeriodElapsedCallback
 .text.Error_Handler
                0x0000000008003938        0xa ./Core/Src/main.o
                0x0000000008003938                Error_Handler
 *fill*         0x0000000008003942        0x2 
 .text.HAL_MspInit
                0x0000000008003944       0x58 ./Core/Src/stm32f4xx_hal_msp.o
                0x0000000008003944                HAL_MspInit
 .text.HAL_ADC_MspInit
                0x000000000800399c       0xe8 ./Core/Src/stm32f4xx_hal_msp.o
                0x000000000800399c                HAL_ADC_MspInit
 .text.HAL_I2C_MspInit
                0x0000000008003a84       0x90 ./Core/Src/stm32f4xx_hal_msp.o
                0x0000000008003a84                HAL_I2C_MspInit
 .text.HAL_TIM_Base_MspInit
                0x0000000008003b14       0xdc ./Core/Src/stm32f4xx_hal_msp.o
                0x0000000008003b14                HAL_TIM_Base_MspInit
 .text.HAL_TIM_Encoder_MspInit
                0x0000000008003bf0      0x134 ./Core/Src/stm32f4xx_hal_msp.o
                0x0000000008003bf0                HAL_TIM_Encoder_MspInit
 .text.HAL_TIM_MspPostInit
                0x0000000008003d24       0xc8 ./Core/Src/stm32f4xx_hal_msp.o
                0x0000000008003d24                HAL_TIM_MspPostInit
 .text.HAL_UART_MspInit
                0x0000000008003dec       0xa0 ./Core/Src/stm32f4xx_hal_msp.o
                0x0000000008003dec                HAL_UART_MspInit
 .text.HAL_InitTick
                0x0000000008003e8c       0xb0 ./Core/Src/stm32f4xx_hal_timebase_tim.o
                0x0000000008003e8c                HAL_InitTick
 .text.NMI_Handler
                0x0000000008003f3c        0x6 ./Core/Src/stm32f4xx_it.o
                0x0000000008003f3c                NMI_Handler
 .text.HardFault_Handler
                0x0000000008003f42        0x6 ./Core/Src/stm32f4xx_it.o
                0x0000000008003f42                HardFault_Handler
 .text.MemManage_Handler
                0x0000000008003f48        0x6 ./Core/Src/stm32f4xx_it.o
                0x0000000008003f48                MemManage_Handler
 .text.BusFault_Handler
                0x0000000008003f4e        0x6 ./Core/Src/stm32f4xx_it.o
                0x0000000008003f4e                BusFault_Handler
 .text.UsageFault_Handler
                0x0000000008003f54        0x6 ./Core/Src/stm32f4xx_it.o
                0x0000000008003f54                UsageFault_Handler
 .text.DebugMon_Handler
                0x0000000008003f5a        0xe ./Core/Src/stm32f4xx_it.o
                0x0000000008003f5a                DebugMon_Handler
 .text.TIM1_CC_IRQHandler
                0x0000000008003f68       0x14 ./Core/Src/stm32f4xx_it.o
                0x0000000008003f68                TIM1_CC_IRQHandler
 .text.USART3_IRQHandler
                0x0000000008003f7c       0x14 ./Core/Src/stm32f4xx_it.o
                0x0000000008003f7c                USART3_IRQHandler
 .text.TIM8_TRG_COM_TIM14_IRQHandler
                0x0000000008003f90       0x1c ./Core/Src/stm32f4xx_it.o
                0x0000000008003f90                TIM8_TRG_COM_TIM14_IRQHandler
 .text._sbrk    0x0000000008003fac       0x6c ./Core/Src/sysmem.o
                0x0000000008003fac                _sbrk
 .text.SystemInit
                0x0000000008004018       0x24 ./Core/Src/system_stm32f4xx.o
                0x0000000008004018                SystemInit
 .text.Reset_Handler
                0x000000000800403c       0x50 ./Core/Startup/startup_stm32f407vetx.o
                0x000000000800403c                Reset_Handler
 .text.Default_Handler
                0x000000000800408c        0x2 ./Core/Startup/startup_stm32f407vetx.o
                0x000000000800408c                DMA1_Stream3_IRQHandler
                0x000000000800408c                HASH_RNG_IRQHandler
                0x000000000800408c                EXTI2_IRQHandler
                0x000000000800408c                TIM8_CC_IRQHandler
                0x000000000800408c                DMA2_Stream5_IRQHandler
                0x000000000800408c                DMA1_Stream5_IRQHandler
                0x000000000800408c                PVD_IRQHandler
                0x000000000800408c                SDIO_IRQHandler
                0x000000000800408c                TAMP_STAMP_IRQHandler
                0x000000000800408c                CAN2_RX1_IRQHandler
                0x000000000800408c                EXTI3_IRQHandler
                0x000000000800408c                TIM1_UP_TIM10_IRQHandler
                0x000000000800408c                TIM8_UP_TIM13_IRQHandler
                0x000000000800408c                I2C3_ER_IRQHandler
                0x000000000800408c                EXTI0_IRQHandler
                0x000000000800408c                I2C2_EV_IRQHandler
                0x000000000800408c                DMA1_Stream2_IRQHandler
                0x000000000800408c                CAN1_RX0_IRQHandler
                0x000000000800408c                FPU_IRQHandler
                0x000000000800408c                OTG_HS_WKUP_IRQHandler
                0x000000000800408c                CAN2_SCE_IRQHandler
                0x000000000800408c                DMA2_Stream2_IRQHandler
                0x000000000800408c                SPI1_IRQHandler
                0x000000000800408c                TIM6_DAC_IRQHandler
                0x000000000800408c                TIM1_BRK_TIM9_IRQHandler
                0x000000000800408c                DCMI_IRQHandler
                0x000000000800408c                CAN2_RX0_IRQHandler
                0x000000000800408c                DMA2_Stream3_IRQHandler
                0x000000000800408c                USART6_IRQHandler
                0x000000000800408c                CAN1_RX1_IRQHandler
                0x000000000800408c                UART5_IRQHandler
                0x000000000800408c                DMA2_Stream0_IRQHandler
                0x000000000800408c                TIM4_IRQHandler
                0x000000000800408c                I2C1_EV_IRQHandler
                0x000000000800408c                DMA1_Stream6_IRQHandler
                0x000000000800408c                DMA1_Stream1_IRQHandler
                0x000000000800408c                UART4_IRQHandler
                0x000000000800408c                TIM3_IRQHandler
                0x000000000800408c                RCC_IRQHandler
                0x000000000800408c                TIM8_BRK_TIM12_IRQHandler
                0x000000000800408c                Default_Handler
                0x000000000800408c                EXTI15_10_IRQHandler
                0x000000000800408c                ADC_IRQHandler
                0x000000000800408c                DMA1_Stream7_IRQHandler
                0x000000000800408c                TIM7_IRQHandler
                0x000000000800408c                CAN2_TX_IRQHandler
                0x000000000800408c                TIM5_IRQHandler
                0x000000000800408c                DMA2_Stream7_IRQHandler
                0x000000000800408c                I2C3_EV_IRQHandler
                0x000000000800408c                EXTI9_5_IRQHandler
                0x000000000800408c                RTC_WKUP_IRQHandler
                0x000000000800408c                ETH_WKUP_IRQHandler
                0x000000000800408c                SPI2_IRQHandler
                0x000000000800408c                OTG_HS_EP1_IN_IRQHandler
                0x000000000800408c                DMA1_Stream0_IRQHandler
                0x000000000800408c                CAN1_TX_IRQHandler
                0x000000000800408c                EXTI4_IRQHandler
                0x000000000800408c                FSMC_IRQHandler
                0x000000000800408c                ETH_IRQHandler
                0x000000000800408c                OTG_HS_EP1_OUT_IRQHandler
                0x000000000800408c                WWDG_IRQHandler
                0x000000000800408c                TIM2_IRQHandler
                0x000000000800408c                OTG_FS_WKUP_IRQHandler
                0x000000000800408c                TIM1_TRG_COM_TIM11_IRQHandler
                0x000000000800408c                OTG_HS_IRQHandler
                0x000000000800408c                EXTI1_IRQHandler
                0x000000000800408c                USART2_IRQHandler
                0x000000000800408c                I2C2_ER_IRQHandler
                0x000000000800408c                DMA2_Stream1_IRQHandler
                0x000000000800408c                CAN1_SCE_IRQHandler
                0x000000000800408c                FLASH_IRQHandler
                0x000000000800408c                DMA2_Stream4_IRQHandler
                0x000000000800408c                USART1_IRQHandler
                0x000000000800408c                OTG_FS_IRQHandler
                0x000000000800408c                SPI3_IRQHandler
                0x000000000800408c                DMA1_Stream4_IRQHandler
                0x000000000800408c                I2C1_ER_IRQHandler
                0x000000000800408c                DMA2_Stream6_IRQHandler
                0x000000000800408c                RTC_Alarm_IRQHandler
 *fill*         0x000000000800408e        0x2 
 .text.HAL_Init
                0x0000000008004090       0x44 ./Drivers/STM32F4xx_HAL_Driver/Src/stm32f4xx_hal.o
                0x0000000008004090                HAL_Init
 .text.HAL_IncTick
                0x00000000080040d4       0x28 ./Drivers/STM32F4xx_HAL_Driver/Src/stm32f4xx_hal.o
                0x00000000080040d4                HAL_IncTick
 .text.HAL_GetTick
                0x00000000080040fc       0x18 ./Drivers/STM32F4xx_HAL_Driver/Src/stm32f4xx_hal.o
                0x00000000080040fc                HAL_GetTick
 .text.HAL_Delay
                0x0000000008004114       0x48 ./Drivers/STM32F4xx_HAL_Driver/Src/stm32f4xx_hal.o
                0x0000000008004114                HAL_Delay
 .text.HAL_ADC_Init
                0x000000000800415c       0x86 ./Drivers/STM32F4xx_HAL_Driver/Src/stm32f4xx_hal_adc.o
                0x000000000800415c                HAL_ADC_Init
 *fill*         0x00000000080041e2        0x2 
 .text.HAL_ADC_Start
                0x00000000080041e4      0x1a4 ./Drivers/STM32F4xx_HAL_Driver/Src/stm32f4xx_hal_adc.o
                0x00000000080041e4                HAL_ADC_Start
 .text.HAL_ADC_GetValue
                0x0000000008004388       0x1a ./Drivers/STM32F4xx_HAL_Driver/Src/stm32f4xx_hal_adc.o
                0x0000000008004388                HAL_ADC_GetValue
 *fill*         0x00000000080043a2        0x2 
 .text.HAL_ADC_ConfigChannel
                0x00000000080043a4      0x244 ./Drivers/STM32F4xx_HAL_Driver/Src/stm32f4xx_hal_adc.o
                0x00000000080043a4                HAL_ADC_ConfigChannel
 .text.ADC_Init
                0x00000000080045e8      0x1f8 ./Drivers/STM32F4xx_HAL_Driver/Src/stm32f4xx_hal_adc.o
 .text.__NVIC_SetPriorityGrouping
                0x00000000080047e0       0x48 ./Drivers/STM32F4xx_HAL_Driver/Src/stm32f4xx_hal_cortex.o
 .text.__NVIC_GetPriorityGrouping
                0x0000000008004828       0x1c ./Drivers/STM32F4xx_HAL_Driver/Src/stm32f4xx_hal_cortex.o
 .text.__NVIC_EnableIRQ
                0x0000000008004844       0x3c ./Drivers/STM32F4xx_HAL_Driver/Src/stm32f4xx_hal_cortex.o
 .text.__NVIC_SetPriority
                0x0000000008004880       0x54 ./Drivers/STM32F4xx_HAL_Driver/Src/stm32f4xx_hal_cortex.o
 .text.NVIC_EncodePriority
                0x00000000080048d4       0x66 ./Drivers/STM32F4xx_HAL_Driver/Src/stm32f4xx_hal_cortex.o
 .text.HAL_NVIC_SetPriorityGrouping
                0x000000000800493a       0x16 ./Drivers/STM32F4xx_HAL_Driver/Src/stm32f4xx_hal_cortex.o
                0x000000000800493a                HAL_NVIC_SetPriorityGrouping
 .text.HAL_NVIC_SetPriority
                0x0000000008004950       0x38 ./Drivers/STM32F4xx_HAL_Driver/Src/stm32f4xx_hal_cortex.o
                0x0000000008004950                HAL_NVIC_SetPriority
 .text.HAL_NVIC_EnableIRQ
                0x0000000008004988       0x1c ./Drivers/STM32F4xx_HAL_Driver/Src/stm32f4xx_hal_cortex.o
                0x0000000008004988                HAL_NVIC_EnableIRQ
 .text.HAL_DMA_Abort
                0x00000000080049a4       0xe0 ./Drivers/STM32F4xx_HAL_Driver/Src/stm32f4xx_hal_dma.o
                0x00000000080049a4                HAL_DMA_Abort
 .text.HAL_DMA_Abort_IT
                0x0000000008004a84       0x44 ./Drivers/STM32F4xx_HAL_Driver/Src/stm32f4xx_hal_dma.o
                0x0000000008004a84                HAL_DMA_Abort_IT
 .text.HAL_GPIO_Init
                0x0000000008004ac8      0x338 ./Drivers/STM32F4xx_HAL_Driver/Src/stm32f4xx_hal_gpio.o
                0x0000000008004ac8                HAL_GPIO_Init
 .text.HAL_GPIO_ReadPin
                0x0000000008004e00       0x30 ./Drivers/STM32F4xx_HAL_Driver/Src/stm32f4xx_hal_gpio.o
                0x0000000008004e00                HAL_GPIO_ReadPin
 .text.HAL_GPIO_WritePin
                0x0000000008004e30       0x32 ./Drivers/STM32F4xx_HAL_Driver/Src/stm32f4xx_hal_gpio.o
                0x0000000008004e30                HAL_GPIO_WritePin
 *fill*         0x0000000008004e62        0x2 
 .text.HAL_I2C_Init
                0x0000000008004e64      0x288 ./Drivers/STM32F4xx_HAL_Driver/Src/stm32f4xx_hal_i2c.o
                0x0000000008004e64                HAL_I2C_Init
 .text.HAL_I2C_Master_Transmit
                0x00000000080050ec      0x1fc ./Drivers/STM32F4xx_HAL_Driver/Src/stm32f4xx_hal_i2c.o
                0x00000000080050ec                HAL_I2C_Master_Transmit
 .text.HAL_I2C_Master_Receive
                0x00000000080052e8      0x44c ./Drivers/STM32F4xx_HAL_Driver/Src/stm32f4xx_hal_i2c.o
                0x00000000080052e8                HAL_I2C_Master_Receive
 .text.I2C_MasterRequestWrite
                0x0000000008005734      0x104 ./Drivers/STM32F4xx_HAL_Driver/Src/stm32f4xx_hal_i2c.o
 .text.I2C_MasterRequestRead
                0x0000000008005838      0x19c ./Drivers/STM32F4xx_HAL_Driver/Src/stm32f4xx_hal_i2c.o
 .text.I2C_WaitOnFlagUntilTimeout
                0x00000000080059d4       0xae ./Drivers/STM32F4xx_HAL_Driver/Src/stm32f4xx_hal_i2c.o
 .text.I2C_WaitOnMasterAddressFlagUntilTimeout
                0x0000000008005a82       0xfe ./Drivers/STM32F4xx_HAL_Driver/Src/stm32f4xx_hal_i2c.o
 .text.I2C_WaitOnTXEFlagUntilTimeout
                0x0000000008005b80       0x82 ./Drivers/STM32F4xx_HAL_Driver/Src/stm32f4xx_hal_i2c.o
 .text.I2C_WaitOnBTFFlagUntilTimeout
                0x0000000008005c02       0x82 ./Drivers/STM32F4xx_HAL_Driver/Src/stm32f4xx_hal_i2c.o
 .text.I2C_WaitOnRXNEFlagUntilTimeout
                0x0000000008005c84       0xac ./Drivers/STM32F4xx_HAL_Driver/Src/stm32f4xx_hal_i2c.o
 .text.I2C_IsAcknowledgeFailed
                0x0000000008005d30       0x5e ./Drivers/STM32F4xx_HAL_Driver/Src/stm32f4xx_hal_i2c.o
 *fill*         0x0000000008005d8e        0x2 
 .text.HAL_PWR_EnableBkUpAccess
                0x0000000008005d90       0x28 ./Drivers/STM32F4xx_HAL_Driver/Src/stm32f4xx_hal_pwr.o
                0x0000000008005d90                HAL_PWR_EnableBkUpAccess
 .text.HAL_PWR_DisableBkUpAccess
                0x0000000008005db8       0x28 ./Drivers/STM32F4xx_HAL_Driver/Src/stm32f4xx_hal_pwr.o
                0x0000000008005db8                HAL_PWR_DisableBkUpAccess
 .text.HAL_RCC_OscConfig
                0x0000000008005de0      0x4f0 ./Drivers/STM32F4xx_HAL_Driver/Src/stm32f4xx_hal_rcc.o
                0x0000000008005de0                HAL_RCC_OscConfig
 .text.HAL_RCC_ClockConfig
                0x00000000080062d0      0x1cc ./Drivers/STM32F4xx_HAL_Driver/Src/stm32f4xx_hal_rcc.o
                0x00000000080062d0                HAL_RCC_ClockConfig
 .text.HAL_RCC_GetSysClockFreq
                0x000000000800649c      0x16c ./Drivers/STM32F4xx_HAL_Driver/Src/stm32f4xx_hal_rcc.o
                0x000000000800649c                HAL_RCC_GetSysClockFreq
 .text.HAL_RCC_GetHCLKFreq
                0x0000000008006608       0x18 ./Drivers/STM32F4xx_HAL_Driver/Src/stm32f4xx_hal_rcc.o
                0x0000000008006608                HAL_RCC_GetHCLKFreq
 .text.HAL_RCC_GetPCLK1Freq
                0x0000000008006620       0x28 ./Drivers/STM32F4xx_HAL_Driver/Src/stm32f4xx_hal_rcc.o
                0x0000000008006620                HAL_RCC_GetPCLK1Freq
 .text.HAL_RCC_GetPCLK2Freq
                0x0000000008006648       0x28 ./Drivers/STM32F4xx_HAL_Driver/Src/stm32f4xx_hal_rcc.o
                0x0000000008006648                HAL_RCC_GetPCLK2Freq
 .text.HAL_RCC_GetClockConfig
                0x0000000008006670       0x64 ./Drivers/STM32F4xx_HAL_Driver/Src/stm32f4xx_hal_rcc.o
                0x0000000008006670                HAL_RCC_GetClockConfig
 .text.HAL_TIM_Base_Init
                0x00000000080066d4       0x9e ./Drivers/STM32F4xx_HAL_Driver/Src/stm32f4xx_hal_tim.o
                0x00000000080066d4                HAL_TIM_Base_Init
 *fill*         0x0000000008006772        0x2 
 .text.HAL_TIM_Base_Start_IT
                0x0000000008006774       0xe0 ./Drivers/STM32F4xx_HAL_Driver/Src/stm32f4xx_hal_tim.o
                0x0000000008006774                HAL_TIM_Base_Start_IT
 .text.HAL_TIM_PWM_Init
                0x0000000008006854       0x9e ./Drivers/STM32F4xx_HAL_Driver/Src/stm32f4xx_hal_tim.o
                0x0000000008006854                HAL_TIM_PWM_Init
 .text.HAL_TIM_PWM_MspInit
                0x00000000080068f2       0x14 ./Drivers/STM32F4xx_HAL_Driver/Src/stm32f4xx_hal_tim.o
                0x00000000080068f2                HAL_TIM_PWM_MspInit
 *fill*         0x0000000008006906        0x2 
 .text.HAL_TIM_PWM_Start
                0x0000000008006908      0x190 ./Drivers/STM32F4xx_HAL_Driver/Src/stm32f4xx_hal_tim.o
                0x0000000008006908                HAL_TIM_PWM_Start
 .text.HAL_TIM_IC_Init
                0x0000000008006a98       0x9e ./Drivers/STM32F4xx_HAL_Driver/Src/stm32f4xx_hal_tim.o
                0x0000000008006a98                HAL_TIM_IC_Init
 .text.HAL_TIM_IC_MspInit
                0x0000000008006b36       0x14 ./Drivers/STM32F4xx_HAL_Driver/Src/stm32f4xx_hal_tim.o
                0x0000000008006b36                HAL_TIM_IC_MspInit
 .text.HAL_TIM_Encoder_Init
                0x0000000008006b4a      0x14c ./Drivers/STM32F4xx_HAL_Driver/Src/stm32f4xx_hal_tim.o
                0x0000000008006b4a                HAL_TIM_Encoder_Init
 .text.HAL_TIM_Encoder_Start
                0x0000000008006c96      0x11c ./Drivers/STM32F4xx_HAL_Driver/Src/stm32f4xx_hal_tim.o
                0x0000000008006c96                HAL_TIM_Encoder_Start
 .text.HAL_TIM_IRQHandler
                0x0000000008006db2      0x210 ./Drivers/STM32F4xx_HAL_Driver/Src/stm32f4xx_hal_tim.o
                0x0000000008006db2                HAL_TIM_IRQHandler
 .text.HAL_TIM_IC_ConfigChannel
                0x0000000008006fc2      0x138 ./Drivers/STM32F4xx_HAL_Driver/Src/stm32f4xx_hal_tim.o
                0x0000000008006fc2                HAL_TIM_IC_ConfigChannel
 *fill*         0x00000000080070fa        0x2 
 .text.HAL_TIM_PWM_ConfigChannel
                0x00000000080070fc      0x184 ./Drivers/STM32F4xx_HAL_Driver/Src/stm32f4xx_hal_tim.o
                0x00000000080070fc                HAL_TIM_PWM_ConfigChannel
 .text.HAL_TIM_ConfigClockSource
                0x0000000008007280      0x18e ./Drivers/STM32F4xx_HAL_Driver/Src/stm32f4xx_hal_tim.o
                0x0000000008007280                HAL_TIM_ConfigClockSource
 *fill*         0x000000000800740e        0x2 
 .text.HAL_TIM_ReadCapturedValue
                0x0000000008007410       0x88 ./Drivers/STM32F4xx_HAL_Driver/Src/stm32f4xx_hal_tim.o
                0x0000000008007410                HAL_TIM_ReadCapturedValue
 .text.HAL_TIM_OC_DelayElapsedCallback
                0x0000000008007498       0x14 ./Drivers/STM32F4xx_HAL_Driver/Src/stm32f4xx_hal_tim.o
                0x0000000008007498                HAL_TIM_OC_DelayElapsedCallback
 .text.HAL_TIM_PWM_PulseFinishedCallback
                0x00000000080074ac       0x14 ./Drivers/STM32F4xx_HAL_Driver/Src/stm32f4xx_hal_tim.o
                0x00000000080074ac                HAL_TIM_PWM_PulseFinishedCallback
 .text.HAL_TIM_TriggerCallback
                0x00000000080074c0       0x14 ./Drivers/STM32F4xx_HAL_Driver/Src/stm32f4xx_hal_tim.o
                0x00000000080074c0                HAL_TIM_TriggerCallback
 .text.TIM_Base_SetConfig
                0x00000000080074d4      0x140 ./Drivers/STM32F4xx_HAL_Driver/Src/stm32f4xx_hal_tim.o
                0x00000000080074d4                TIM_Base_SetConfig
 .text.TIM_OC1_SetConfig
                0x0000000008007614       0xe0 ./Drivers/STM32F4xx_HAL_Driver/Src/stm32f4xx_hal_tim.o
 .text.TIM_OC2_SetConfig
                0x00000000080076f4       0xec ./Drivers/STM32F4xx_HAL_Driver/Src/stm32f4xx_hal_tim.o
                0x00000000080076f4                TIM_OC2_SetConfig
 .text.TIM_OC3_SetConfig
                0x00000000080077e0       0xe8 ./Drivers/STM32F4xx_HAL_Driver/Src/stm32f4xx_hal_tim.o
 .text.TIM_OC4_SetConfig
                0x00000000080078c8       0xac ./Drivers/STM32F4xx_HAL_Driver/Src/stm32f4xx_hal_tim.o
 .text.TIM_TI1_SetConfig
                0x0000000008007974       0xe8 ./Drivers/STM32F4xx_HAL_Driver/Src/stm32f4xx_hal_tim.o
                0x0000000008007974                TIM_TI1_SetConfig
 .text.TIM_TI1_ConfigInputStage
                0x0000000008007a5c       0x5e ./Drivers/STM32F4xx_HAL_Driver/Src/stm32f4xx_hal_tim.o
 .text.TIM_TI2_SetConfig
                0x0000000008007aba       0x7a ./Drivers/STM32F4xx_HAL_Driver/Src/stm32f4xx_hal_tim.o
 .text.TIM_TI2_ConfigInputStage
                0x0000000008007b34       0x60 ./Drivers/STM32F4xx_HAL_Driver/Src/stm32f4xx_hal_tim.o
 .text.TIM_TI3_SetConfig
                0x0000000008007b94       0x78 ./Drivers/STM32F4xx_HAL_Driver/Src/stm32f4xx_hal_tim.o
 .text.TIM_TI4_SetConfig
                0x0000000008007c0c       0x7a ./Drivers/STM32F4xx_HAL_Driver/Src/stm32f4xx_hal_tim.o
 .text.TIM_ITRx_SetConfig
                0x0000000008007c86       0x36 ./Drivers/STM32F4xx_HAL_Driver/Src/stm32f4xx_hal_tim.o
 .text.TIM_ETR_SetConfig
                0x0000000008007cbc       0x40 ./Drivers/STM32F4xx_HAL_Driver/Src/stm32f4xx_hal_tim.o
                0x0000000008007cbc                TIM_ETR_SetConfig
 .text.TIM_CCxChannelCmd
                0x0000000008007cfc       0x4a ./Drivers/STM32F4xx_HAL_Driver/Src/stm32f4xx_hal_tim.o
                0x0000000008007cfc                TIM_CCxChannelCmd
 *fill*         0x0000000008007d46        0x2 
 .text.HAL_TIMEx_MasterConfigSynchronization
                0x0000000008007d48       0xf8 ./Drivers/STM32F4xx_HAL_Driver/Src/stm32f4xx_hal_tim_ex.o
                0x0000000008007d48                HAL_TIMEx_MasterConfigSynchronization
 .text.HAL_TIMEx_ConfigBreakDeadTime
                0x0000000008007e40       0xa4 ./Drivers/STM32F4xx_HAL_Driver/Src/stm32f4xx_hal_tim_ex.o
                0x0000000008007e40                HAL_TIMEx_ConfigBreakDeadTime
 .text.HAL_TIMEx_CommutCallback
                0x0000000008007ee4       0x14 ./Drivers/STM32F4xx_HAL_Driver/Src/stm32f4xx_hal_tim_ex.o
                0x0000000008007ee4                HAL_TIMEx_CommutCallback
 .text.HAL_TIMEx_BreakCallback
                0x0000000008007ef8       0x14 ./Drivers/STM32F4xx_HAL_Driver/Src/stm32f4xx_hal_tim_ex.o
                0x0000000008007ef8                HAL_TIMEx_BreakCallback
 .text.HAL_UART_Init
                0x0000000008007f0c       0x9a ./Drivers/STM32F4xx_HAL_Driver/Src/stm32f4xx_hal_uart.o
                0x0000000008007f0c                HAL_UART_Init
 .text.HAL_UART_Transmit
                0x0000000008007fa6      0x124 ./Drivers/STM32F4xx_HAL_Driver/Src/stm32f4xx_hal_uart.o
                0x0000000008007fa6                HAL_UART_Transmit
 .text.HAL_UART_Receive_IT
                0x00000000080080ca       0x60 ./Drivers/STM32F4xx_HAL_Driver/Src/stm32f4xx_hal_uart.o
                0x00000000080080ca                HAL_UART_Receive_IT
 *fill*         0x000000000800812a        0x2 
 .text.HAL_UART_IRQHandler
                0x000000000800812c      0x51c ./Drivers/STM32F4xx_HAL_Driver/Src/stm32f4xx_hal_uart.o
                0x000000000800812c                HAL_UART_IRQHandler
 .text.HAL_UART_TxCpltCallback
                0x0000000008008648       0x14 ./Drivers/STM32F4xx_HAL_Driver/Src/stm32f4xx_hal_uart.o
                0x0000000008008648                HAL_UART_TxCpltCallback
 .text.HAL_UART_ErrorCallback
                0x000000000800865c       0x14 ./Drivers/STM32F4xx_HAL_Driver/Src/stm32f4xx_hal_uart.o
                0x000000000800865c                HAL_UART_ErrorCallback
 .text.HAL_UARTEx_RxEventCallback
                0x0000000008008670       0x18 ./Drivers/STM32F4xx_HAL_Driver/Src/stm32f4xx_hal_uart.o
                0x0000000008008670                HAL_UARTEx_RxEventCallback
 .text.UART_WaitOnFlagUntilTimeout
                0x0000000008008688       0xdc ./Drivers/STM32F4xx_HAL_Driver/Src/stm32f4xx_hal_uart.o
 .text.UART_Start_Receive_IT
                0x0000000008008764       0x74 ./Drivers/STM32F4xx_HAL_Driver/Src/stm32f4xx_hal_uart.o
                0x0000000008008764                UART_Start_Receive_IT
 .text.UART_EndRxTransfer
                0x00000000080087d8       0xc6 ./Drivers/STM32F4xx_HAL_Driver/Src/stm32f4xx_hal_uart.o
 .text.UART_DMAAbortOnError
                0x000000000800889e       0x28 ./Drivers/STM32F4xx_HAL_Driver/Src/stm32f4xx_hal_uart.o
 .text.UART_Transmit_IT
                0x00000000080088c6       0xa0 ./Drivers/STM32F4xx_HAL_Driver/Src/stm32f4xx_hal_uart.o
 .text.UART_EndTransmit_IT
                0x0000000008008966       0x30 ./Drivers/STM32F4xx_HAL_Driver/Src/stm32f4xx_hal_uart.o
 .text.UART_Receive_IT
                0x0000000008008996      0x176 ./Drivers/STM32F4xx_HAL_Driver/Src/stm32f4xx_hal_uart.o
 .text.UART_SetConfig
                0x0000000008008b0c      0x390 ./Drivers/STM32F4xx_HAL_Driver/Src/stm32f4xx_hal_uart.o
 .text.__NVIC_SetPriority
                0x0000000008008e9c       0x54 ./Middlewares/Third_Party/FreeRTOS/Source/CMSIS_RTOS_V2/cmsis_os2.o
 .text.SysTick_Handler
                0x0000000008008ef0       0x20 ./Middlewares/Third_Party/FreeRTOS/Source/CMSIS_RTOS_V2/cmsis_os2.o
                0x0000000008008ef0                SysTick_Handler
 .text.SVC_Setup
                0x0000000008008f10       0x12 ./Middlewares/Third_Party/FreeRTOS/Source/CMSIS_RTOS_V2/cmsis_os2.o
 *fill*         0x0000000008008f22        0x2 
 .text.osKernelInitialize
                0x0000000008008f24       0x48 ./Middlewares/Third_Party/FreeRTOS/Source/CMSIS_RTOS_V2/cmsis_os2.o
                0x0000000008008f24                osKernelInitialize
 .text.osKernelStart
                0x0000000008008f6c       0x4c ./Middlewares/Third_Party/FreeRTOS/Source/CMSIS_RTOS_V2/cmsis_os2.o
                0x0000000008008f6c                osKernelStart
 .text.osThreadNew
                0x0000000008008fb8      0x124 ./Middlewares/Third_Party/FreeRTOS/Source/CMSIS_RTOS_V2/cmsis_os2.o
                0x0000000008008fb8                osThreadNew
 .text.osDelay  0x00000000080090dc       0x36 ./Middlewares/Third_Party/FreeRTOS/Source/CMSIS_RTOS_V2/cmsis_os2.o
                0x00000000080090dc                osDelay
 *fill*         0x0000000008009112        0x2 
 .text.vApplicationGetIdleTaskMemory
                0x0000000008009114       0x34 ./Middlewares/Third_Party/FreeRTOS/Source/CMSIS_RTOS_V2/cmsis_os2.o
                0x0000000008009114                vApplicationGetIdleTaskMemory
 .text.vApplicationGetTimerTaskMemory
                0x0000000008009148       0x34 ./Middlewares/Third_Party/FreeRTOS/Source/CMSIS_RTOS_V2/cmsis_os2.o
                0x0000000008009148                vApplicationGetTimerTaskMemory
 .text.vListInitialise
                0x000000000800917c       0x40 ./Middlewares/Third_Party/FreeRTOS/Source/list.o
                0x000000000800917c                vListInitialise
 .text.vListInitialiseItem
                0x00000000080091bc       0x1a ./Middlewares/Third_Party/FreeRTOS/Source/list.o
                0x00000000080091bc                vListInitialiseItem
 .text.vListInsertEnd
                0x00000000080091d6       0x48 ./Middlewares/Third_Party/FreeRTOS/Source/list.o
                0x00000000080091d6                vListInsertEnd
 .text.vListInsert
                0x000000000800921e       0x72 ./Middlewares/Third_Party/FreeRTOS/Source/list.o
                0x000000000800921e                vListInsert
 .text.uxListRemove
                0x0000000008009290       0x54 ./Middlewares/Third_Party/FreeRTOS/Source/list.o
                0x0000000008009290                uxListRemove
 .text.xQueueGenericReset
                0x00000000080092e4       0xd0 ./Middlewares/Third_Party/FreeRTOS/Source/queue.o
                0x00000000080092e4                xQueueGenericReset
 .text.xQueueGenericCreateStatic
                0x00000000080093b4       0xf0 ./Middlewares/Third_Party/FreeRTOS/Source/queue.o
                0x00000000080093b4                xQueueGenericCreateStatic
 .text.prvInitialiseNewQueue
                0x00000000080094a4       0x46 ./Middlewares/Third_Party/FreeRTOS/Source/queue.o
 *fill*         0x00000000080094ea        0x2 
 .text.xQueueGenericSend
                0x00000000080094ec      0x1fc ./Middlewares/Third_Party/FreeRTOS/Source/queue.o
                0x00000000080094ec                xQueueGenericSend
 .text.xQueueGenericSendFromISR
                0x00000000080096e8      0x136 ./Middlewares/Third_Party/FreeRTOS/Source/queue.o
                0x00000000080096e8                xQueueGenericSendFromISR
 *fill*         0x000000000800981e        0x2 
 .text.xQueueReceive
                0x0000000008009820      0x1c0 ./Middlewares/Third_Party/FreeRTOS/Source/queue.o
                0x0000000008009820                xQueueReceive
 .text.prvCopyDataToQueue
                0x00000000080099e0       0xd4 ./Middlewares/Third_Party/FreeRTOS/Source/queue.o
 .text.prvCopyDataFromQueue
                0x0000000008009ab4       0x4c ./Middlewares/Third_Party/FreeRTOS/Source/queue.o
 .text.prvUnlockQueue
                0x0000000008009b00       0xa4 ./Middlewares/Third_Party/FreeRTOS/Source/queue.o
 .text.prvIsQueueEmpty
                0x0000000008009ba4       0x2c ./Middlewares/Third_Party/FreeRTOS/Source/queue.o
 .text.prvIsQueueFull
                0x0000000008009bd0       0x30 ./Middlewares/Third_Party/FreeRTOS/Source/queue.o
 .text.vQueueAddToRegistry
                0x0000000008009c00       0x54 ./Middlewares/Third_Party/FreeRTOS/Source/queue.o
                0x0000000008009c00                vQueueAddToRegistry
 .text.vQueueWaitForMessageRestricted
                0x0000000008009c54       0x68 ./Middlewares/Third_Party/FreeRTOS/Source/queue.o
                0x0000000008009c54                vQueueWaitForMessageRestricted
 .text.xTaskCreateStatic
                0x0000000008009cbc       0xba ./Middlewares/Third_Party/FreeRTOS/Source/tasks.o
                0x0000000008009cbc                xTaskCreateStatic
 .text.xTaskCreate
                0x0000000008009d76       0x8a ./Middlewares/Third_Party/FreeRTOS/Source/tasks.o
                0x0000000008009d76                xTaskCreate
 .text.prvInitialiseNewTask
                0x0000000008009e00      0x14c ./Middlewares/Third_Party/FreeRTOS/Source/tasks.o
 .text.prvAddNewTaskToReadyList
                0x0000000008009f4c       0xe0 ./Middlewares/Third_Party/FreeRTOS/Source/tasks.o
 .text.vTaskDelay
                0x000000000800a02c       0x68 ./Middlewares/Third_Party/FreeRTOS/Source/tasks.o
                0x000000000800a02c                vTaskDelay
 .text.vTaskStartScheduler
                0x000000000800a094       0xe0 ./Middlewares/Third_Party/FreeRTOS/Source/tasks.o
                0x000000000800a094                vTaskStartScheduler
 .text.vTaskSuspendAll
                0x000000000800a174       0x1c ./Middlewares/Third_Party/FreeRTOS/Source/tasks.o
                0x000000000800a174                vTaskSuspendAll
 .text.xTaskResumeAll
                0x000000000800a190      0x13c ./Middlewares/Third_Party/FreeRTOS/Source/tasks.o
                0x000000000800a190                xTaskResumeAll
 .text.xTaskGetTickCount
                0x000000000800a2cc       0x20 ./Middlewares/Third_Party/FreeRTOS/Source/tasks.o
                0x000000000800a2cc                xTaskGetTickCount
 .text.xTaskIncrementTick
                0x000000000800a2ec      0x174 ./Middlewares/Third_Party/FreeRTOS/Source/tasks.o
                0x000000000800a2ec                xTaskIncrementTick
 .text.vTaskSwitchContext
                0x000000000800a460       0xc8 ./Middlewares/Third_Party/FreeRTOS/Source/tasks.o
                0x000000000800a460                vTaskSwitchContext
 .text.vTaskPlaceOnEventList
                0x000000000800a528       0x48 ./Middlewares/Third_Party/FreeRTOS/Source/tasks.o
                0x000000000800a528                vTaskPlaceOnEventList
 .text.vTaskPlaceOnEventListRestricted
                0x000000000800a570       0x58 ./Middlewares/Third_Party/FreeRTOS/Source/tasks.o
                0x000000000800a570                vTaskPlaceOnEventListRestricted
 .text.xTaskRemoveFromEventList
                0x000000000800a5c8       0xc8 ./Middlewares/Third_Party/FreeRTOS/Source/tasks.o
                0x000000000800a5c8                xTaskRemoveFromEventList
 .text.vTaskInternalSetTimeOutState
                0x000000000800a690       0x2c ./Middlewares/Third_Party/FreeRTOS/Source/tasks.o
                0x000000000800a690                vTaskInternalSetTimeOutState
 .text.xTaskCheckForTimeOut
                0x000000000800a6bc       0xc4 ./Middlewares/Third_Party/FreeRTOS/Source/tasks.o
                0x000000000800a6bc                xTaskCheckForTimeOut
 .text.vTaskMissedYield
                0x000000000800a780       0x18 ./Middlewares/Third_Party/FreeRTOS/Source/tasks.o
                0x000000000800a780                vTaskMissedYield
 .text.prvIdleTask
                0x000000000800a798       0x30 ./Middlewares/Third_Party/FreeRTOS/Source/tasks.o
 .text.prvInitialiseTaskLists
                0x000000000800a7c8       0x80 ./Middlewares/Third_Party/FreeRTOS/Source/tasks.o
 .text.prvCheckTasksWaitingTermination
                0x000000000800a848       0x5c ./Middlewares/Third_Party/FreeRTOS/Source/tasks.o
 .text.prvDeleteTCB
                0x000000000800a8a4       0x68 ./Middlewares/Third_Party/FreeRTOS/Source/tasks.o
 .text.prvResetNextTaskUnblockTime
                0x000000000800a90c       0x40 ./Middlewares/Third_Party/FreeRTOS/Source/tasks.o
 .text.xTaskGetSchedulerState
                0x000000000800a94c       0x3c ./Middlewares/Third_Party/FreeRTOS/Source/tasks.o
                0x000000000800a94c                xTaskGetSchedulerState
 .text.xTaskPriorityDisinherit
                0x000000000800a988       0xdc ./Middlewares/Third_Party/FreeRTOS/Source/tasks.o
                0x000000000800a988                xTaskPriorityDisinherit
 .text.prvAddCurrentTaskToDelayedList
                0x000000000800aa64       0xa8 ./Middlewares/Third_Party/FreeRTOS/Source/tasks.o
 .text.xTimerCreateTimerTask
                0x000000000800ab0c       0x90 ./Middlewares/Third_Party/FreeRTOS/Source/timers.o
                0x000000000800ab0c                xTimerCreateTimerTask
 .text.xTimerGenericCommand
                0x000000000800ab9c       0x9c ./Middlewares/Third_Party/FreeRTOS/Source/timers.o
                0x000000000800ab9c                xTimerGenericCommand
 .text.prvProcessExpiredTimer
                0x000000000800ac38       0x98 ./Middlewares/Third_Party/FreeRTOS/Source/timers.o
 .text.prvTimerTask
                0x000000000800acd0       0x24 ./Middlewares/Third_Party/FreeRTOS/Source/timers.o
 .text.prvProcessTimerOrBlockTask
                0x000000000800acf4       0x9c ./Middlewares/Third_Party/FreeRTOS/Source/timers.o
 .text.prvGetNextExpireTime
                0x000000000800ad90       0x48 ./Middlewares/Third_Party/FreeRTOS/Source/timers.o
 .text.prvSampleTimeNow
                0x000000000800add8       0x40 ./Middlewares/Third_Party/FreeRTOS/Source/timers.o
 .text.prvInsertTimerInActiveList
                0x000000000800ae18       0x84 ./Middlewares/Third_Party/FreeRTOS/Source/timers.o
 .text.prvProcessReceivedCommands
                0x000000000800ae9c      0x1c4 ./Middlewares/Third_Party/FreeRTOS/Source/timers.o
 .text.prvSwitchTimerLists
                0x000000000800b060       0xc8 ./Middlewares/Third_Party/FreeRTOS/Source/timers.o
 .text.prvCheckForValidListAndQueue
                0x000000000800b128       0x80 ./Middlewares/Third_Party/FreeRTOS/Source/timers.o
 .text.pxPortInitialiseStack
                0x000000000800b1a8       0x68 ./Middlewares/Third_Party/FreeRTOS/Source/portable/GCC/ARM_CM4F/port.o
                0x000000000800b1a8                pxPortInitialiseStack
 .text.prvTaskExitError
                0x000000000800b210       0x58 ./Middlewares/Third_Party/FreeRTOS/Source/portable/GCC/ARM_CM4F/port.o
 *fill*         0x000000000800b268        0x8 
 .text.SVC_Handler
                0x000000000800b270       0x28 ./Middlewares/Third_Party/FreeRTOS/Source/portable/GCC/ARM_CM4F/port.o
                0x000000000800b270                SVC_Handler
 .text.prvPortStartFirstTask
                0x000000000800b298       0x28 ./Middlewares/Third_Party/FreeRTOS/Source/portable/GCC/ARM_CM4F/port.o
 .text.xPortStartScheduler
                0x000000000800b2c0      0x144 ./Middlewares/Third_Party/FreeRTOS/Source/portable/GCC/ARM_CM4F/port.o
                0x000000000800b2c0                xPortStartScheduler
 .text.vPortEnterCritical
                0x000000000800b404       0x60 ./Middlewares/Third_Party/FreeRTOS/Source/portable/GCC/ARM_CM4F/port.o
                0x000000000800b404                vPortEnterCritical
 .text.vPortExitCritical
                0x000000000800b464       0x54 ./Middlewares/Third_Party/FreeRTOS/Source/portable/GCC/ARM_CM4F/port.o
                0x000000000800b464                vPortExitCritical
 *fill*         0x000000000800b4b8        0x8 
 .text.PendSV_Handler
                0x000000000800b4c0       0x68 ./Middlewares/Third_Party/FreeRTOS/Source/portable/GCC/ARM_CM4F/port.o
                0x000000000800b4c0                PendSV_Handler
 .text.xPortSysTickHandler
                0x000000000800b528       0x44 ./Middlewares/Third_Party/FreeRTOS/Source/portable/GCC/ARM_CM4F/port.o
                0x000000000800b528                xPortSysTickHandler
 .text.vPortSetupTimerInterrupt
                0x000000000800b56c       0x48 ./Middlewares/Third_Party/FreeRTOS/Source/portable/GCC/ARM_CM4F/port.o
                0x000000000800b56c                vPortSetupTimerInterrupt
 .text.vPortEnableVFP
                0x000000000800b5b4       0x14 ./Middlewares/Third_Party/FreeRTOS/Source/portable/GCC/ARM_CM4F/port.o
 .text.vPortValidateInterruptPriority
                0x000000000800b5c8       0x80 ./Middlewares/Third_Party/FreeRTOS/Source/portable/GCC/ARM_CM4F/port.o
                0x000000000800b5c8                vPortValidateInterruptPriority
 .text.pvPortMalloc
                0x000000000800b648      0x198 ./Middlewares/Third_Party/FreeRTOS/Source/portable/MemMang/heap_4.o
                0x000000000800b648                pvPortMalloc
 .text.vPortFree
                0x000000000800b7e0       0xc4 ./Middlewares/Third_Party/FreeRTOS/Source/portable/MemMang/heap_4.o
                0x000000000800b7e0                vPortFree
 .text.prvHeapInit
                0x000000000800b8a4       0xc4 ./Middlewares/Third_Party/FreeRTOS/Source/portable/MemMang/heap_4.o
 .text.prvInsertBlockIntoFreeList
                0x000000000800b968       0xb4 ./Middlewares/Third_Party/FreeRTOS/Source/portable/MemMang/heap_4.o
 *fill*         0x000000000800ba1c        0x4 
 .text.diff_radian
                0x000000000800ba20       0x4c ./Pheripheral_Drivers/Src/diff.o
                0x000000000800ba20                diff_radian
 *fill*         0x000000000800ba6c        0x4 
 .text.diff_get_Lmotor_values
                0x000000000800ba70       0xfc ./Pheripheral_Drivers/Src/diff.o
                0x000000000800ba70                diff_get_Lmotor_values
 *fill*         0x000000000800bb6c        0x4 
 .text.diff_get_Rmotor_values
                0x000000000800bb70       0xfc ./Pheripheral_Drivers/Src/diff.o
                0x000000000800bb70                diff_get_Rmotor_values
 .text.encoder_init
                0x000000000800bc6c       0x66 ./Pheripheral_Drivers/Src/encoder.o
                0x000000000800bc6c                encoder_init
 .text.encoder_run
                0x000000000800bcd2       0x80 ./Pheripheral_Drivers/Src/encoder.o
                0x000000000800bcd2                encoder_run
 *fill*         0x000000000800bd52        0x2 
 .text._encoder_calPulseDiff
                0x000000000800bd54       0x9c ./Pheripheral_Drivers/Src/encoder.o
                0x000000000800bd54                _encoder_calPulseDiff
 .text.encoder_getTickDiff
                0x000000000800bdf0       0x3e ./Pheripheral_Drivers/Src/encoder.o
                0x000000000800bdf0                encoder_getTickDiff
 .text.select_user_bank
                0x000000000800be2e       0x34 ./Pheripheral_Drivers/Src/icm20948.o
                0x000000000800be2e                select_user_bank
 .text.read_single_icm20948_reg
                0x000000000800be62       0x62 ./Pheripheral_Drivers/Src/icm20948.o
                0x000000000800be62                read_single_icm20948_reg
 .text.read_multiple_icm20948_reg
                0x000000000800bec4       0x70 ./Pheripheral_Drivers/Src/icm20948.o
                0x000000000800bec4                read_multiple_icm20948_reg
 .text.write_single_icm20948_reg
                0x000000000800bf34       0x4e ./Pheripheral_Drivers/Src/icm20948.o
                0x000000000800bf34                write_single_icm20948_reg
 .text.write_multiple_icm20948_reg
                0x000000000800bf82       0x5e ./Pheripheral_Drivers/Src/icm20948.o
                0x000000000800bf82                write_multiple_icm20948_reg
 .text.icm20948_init
                0x000000000800bfe0       0x80 ./Pheripheral_Drivers/Src/icm20948.o
                0x000000000800bfe0                icm20948_init
 .text.icm20948_gyro_read
                0x000000000800c060       0x90 ./Pheripheral_Drivers/Src/icm20948.o
                0x000000000800c060                icm20948_gyro_read
 .text.icm20948_accel_read
                0x000000000800c0f0       0x90 ./Pheripheral_Drivers/Src/icm20948.o
                0x000000000800c0f0                icm20948_accel_read
 .text.icm20948_gyro_read_dps
                0x000000000800c180       0x90 ./Pheripheral_Drivers/Src/icm20948.o
                0x000000000800c180                icm20948_gyro_read_dps
 .text.icm20948_who_am_i
                0x000000000800c210       0x2a ./Pheripheral_Drivers/Src/icm20948.o
                0x000000000800c210                icm20948_who_am_i
 .text.icm20948_device_reset
                0x000000000800c23a       0x1c ./Pheripheral_Drivers/Src/icm20948.o
                0x000000000800c23a                icm20948_device_reset
 .text.icm20948_wakeup
                0x000000000800c256       0x32 ./Pheripheral_Drivers/Src/icm20948.o
                0x000000000800c256                icm20948_wakeup
 .text.icm20948_gyro_sample_rate_divider
                0x000000000800c288       0x20 ./Pheripheral_Drivers/Src/icm20948.o
                0x000000000800c288                icm20948_gyro_sample_rate_divider
 .text.icm20948_accel_sample_rate_divider
                0x000000000800c2a8       0x3e ./Pheripheral_Drivers/Src/icm20948.o
                0x000000000800c2a8                icm20948_accel_sample_rate_divider
 .text.icm20948_gyro_low_pass_filter
                0x000000000800c2e6       0x3e ./Pheripheral_Drivers/Src/icm20948.o
                0x000000000800c2e6                icm20948_gyro_low_pass_filter
 .text.icm20948_accel_low_pass_filter
                0x000000000800c324       0x3e ./Pheripheral_Drivers/Src/icm20948.o
                0x000000000800c324                icm20948_accel_low_pass_filter
 *fill*         0x000000000800c362        0x2 
 .text.icm20948_gyro_calibration
                0x000000000800c364      0x150 ./Pheripheral_Drivers/Src/icm20948.o
                0x000000000800c364                icm20948_gyro_calibration
 .text.icm20948_accel_calibration
                0x000000000800c4b4      0x248 ./Pheripheral_Drivers/Src/icm20948.o
                0x000000000800c4b4                icm20948_accel_calibration
 .text.icm20948_gyro_full_scale_select
                0x000000000800c6fc       0x98 ./Pheripheral_Drivers/Src/icm20948.o
                0x000000000800c6fc                icm20948_gyro_full_scale_select
 .text.icm20948_accel_full_scale_select
                0x000000000800c794       0x90 ./Pheripheral_Drivers/Src/icm20948.o
                0x000000000800c794                icm20948_accel_full_scale_select
 .text.icm20948_clock_source
                0x000000000800c824       0x36 ./Pheripheral_Drivers/Src/icm20948.o
                0x000000000800c824                icm20948_clock_source
 .text.icm20948_odr_align_enable
                0x000000000800c85a       0x1c ./Pheripheral_Drivers/Src/icm20948.o
                0x000000000800c85a                icm20948_odr_align_enable
 .text.motor_init
                0x000000000800c876       0x56 ./Pheripheral_Drivers/Src/motor.o
                0x000000000800c876                motor_init
 .text.motor_set_pwm
                0x000000000800c8cc      0x120 ./Pheripheral_Drivers/Src/motor.o
                0x000000000800c8cc                motor_set_pwm
 .text._motor_set_pin
                0x000000000800c9ec       0xb8 ./Pheripheral_Drivers/Src/motor.o
                0x000000000800c9ec                _motor_set_pin
 .text.OLED_Refresh_Gram
                0x000000000800caa4       0x70 ./Pheripheral_Drivers/Src/oled.o
                0x000000000800caa4                OLED_Refresh_Gram
 .text.OLED_WR_Byte
                0x000000000800cb14       0x94 ./Pheripheral_Drivers/Src/oled.o
                0x000000000800cb14                OLED_WR_Byte
 .text.OLED_Clear
                0x000000000800cba8       0x4c ./Pheripheral_Drivers/Src/oled.o
                0x000000000800cba8                OLED_Clear
 .text.OLED_DrawPoint
                0x000000000800cbf4       0xb4 ./Pheripheral_Drivers/Src/oled.o
                0x000000000800cbf4                OLED_DrawPoint
 .text.OLED_ShowChar
                0x000000000800cca8       0xe4 ./Pheripheral_Drivers/Src/oled.o
                0x000000000800cca8                OLED_ShowChar
 .text.OLED_ShowString
                0x000000000800cd8c       0x7c ./Pheripheral_Drivers/Src/oled.o
                0x000000000800cd8c                OLED_ShowString
 .text.OLED_Init
                0x000000000800ce08      0x118 ./Pheripheral_Drivers/Src/oled.o
                0x000000000800ce08                OLED_Init
 .text.pid_init
                0x000000000800cf20       0x66 ./Pheripheral_Drivers/Src/pid.o
                0x000000000800cf20                pid_init
 .text.pid_run  0x000000000800cf86       0xde ./Pheripheral_Drivers/Src/pid.o
                0x000000000800cf86                pid_run
 .text.pid_get_curr_pid
                0x000000000800d064       0x4c ./Pheripheral_Drivers/Src/pid.o
                0x000000000800d064                pid_get_curr_pid
 .text.pid_reset_error
                0x000000000800d0b0       0x52 ./Pheripheral_Drivers/Src/pid.o
                0x000000000800d0b0                pid_reset_error
 .text.angle_subcontrol_init
                0x000000000800d102       0x82 ./Pheripheral_Drivers/Src/speed.o
                0x000000000800d102                angle_subcontrol_init
 .text.angle_subcontrol_set_leftanglemul
                0x000000000800d184       0x1e ./Pheripheral_Drivers/Src/speed.o
                0x000000000800d184                angle_subcontrol_set_leftanglemul
 .text.angle_subcontrol_set_rightanglemul
                0x000000000800d1a2       0x1e ./Pheripheral_Drivers/Src/speed.o
                0x000000000800d1a2                angle_subcontrol_set_rightanglemul
 .text.angle_subcontrol_set_status
                0x000000000800d1c0       0x1c ./Pheripheral_Drivers/Src/speed.o
                0x000000000800d1c0                angle_subcontrol_set_status
 .text.angle_subcontrol_reset_degree
                0x000000000800d1dc       0x46 ./Pheripheral_Drivers/Src/speed.o
                0x000000000800d1dc                angle_subcontrol_reset_degree
 .text.angle_subcontrol_set_angle
                0x000000000800d222       0x1e ./Pheripheral_Drivers/Src/speed.o
                0x000000000800d222                angle_subcontrol_set_angle
 .text.angle_subcontrol_get_gyro_Z_degree_sample
                0x000000000800d240      0x174 ./Pheripheral_Drivers/Src/speed.o
                0x000000000800d240                angle_subcontrol_get_gyro_Z_degree_sample
 .text.angle_subcontrol_get_gyrosum
                0x000000000800d3b4       0x1e ./Pheripheral_Drivers/Src/speed.o
                0x000000000800d3b4                angle_subcontrol_get_gyrosum
 *fill*         0x000000000800d3d2        0x6 
 .text.angle_subcontrol_run
                0x000000000800d3d8      0x178 ./Pheripheral_Drivers/Src/speed.o
                0x000000000800d3d8                angle_subcontrol_run
 .text.speed_subcontrol_init
                0x000000000800d550       0x46 ./Pheripheral_Drivers/Src/speed.o
                0x000000000800d550                speed_subcontrol_init
 .text.speed_subcontrol_reset_PWM
                0x000000000800d596       0x26 ./Pheripheral_Drivers/Src/speed.o
                0x000000000800d596                speed_subcontrol_reset_PWM
 .text.speed_subcontrol_set_speed
                0x000000000800d5bc       0x1e ./Pheripheral_Drivers/Src/speed.o
                0x000000000800d5bc                speed_subcontrol_set_speed
 .text.speed_subcontrol_run
                0x000000000800d5da       0xd2 ./Pheripheral_Drivers/Src/speed.o
                0x000000000800d5da                speed_subcontrol_run
 .text.speed_control_init
                0x000000000800d6ac      0x14c ./Pheripheral_Drivers/Src/speed.o
                0x000000000800d6ac                speed_control_init
 .text.speed_control_toggle_correction
                0x000000000800d7f8       0x3e ./Pheripheral_Drivers/Src/speed.o
                0x000000000800d7f8                speed_control_toggle_correction
 .text.speed_control_set_callbackdistptr
                0x000000000800d836       0x1c ./Pheripheral_Drivers/Src/speed.o
                0x000000000800d836                speed_control_set_callbackdistptr
 .text.speed_control_path_setup
                0x000000000800d852       0x6c ./Pheripheral_Drivers/Src/speed.o
                0x000000000800d852                speed_control_path_setup
 *fill*         0x000000000800d8be        0x2 
 .text.speed_control_path_start
                0x000000000800d8c0      0x100 ./Pheripheral_Drivers/Src/speed.o
                0x000000000800d8c0                speed_control_path_start
 .text.speed_control_path_end
                0x000000000800d9c0       0x38 ./Pheripheral_Drivers/Src/speed.o
                0x000000000800d9c0                speed_control_path_end
 .text.speed_control_path_return
                0x000000000800d9f8       0x64 ./Pheripheral_Drivers/Src/speed.o
                0x000000000800d9f8                speed_control_path_return
 .text.speed_control_cal_idealspeed_tick
                0x000000000800da5c       0x22 ./Pheripheral_Drivers/Src/speed.o
                0x000000000800da5c                speed_control_cal_idealspeed_tick
 .text.speed_control_get_tickprogress_L
                0x000000000800da7e       0x5c ./Pheripheral_Drivers/Src/speed.o
                0x000000000800da7e                speed_control_get_tickprogress_L
 .text.speed_control_get_tickprogress_R
                0x000000000800dada       0x5c ./Pheripheral_Drivers/Src/speed.o
                0x000000000800dada                speed_control_get_tickprogress_R
 .text.speed_control_get_pulseprogress_L
                0x000000000800db36       0x5c ./Pheripheral_Drivers/Src/speed.o
                0x000000000800db36                speed_control_get_pulseprogress_L
 .text.speed_control_get_pulseprogress_R
                0x000000000800db92       0x5c ./Pheripheral_Drivers/Src/speed.o
                0x000000000800db92                speed_control_get_pulseprogress_R
 *fill*         0x000000000800dbee        0x2 
 .text.speed_control_run
                0x000000000800dbf0      0x518 ./Pheripheral_Drivers/Src/speed.o
                0x000000000800dbf0                speed_control_run
 .text.vehicleservo_radian
                0x000000000800e108       0x4c ./Pheripheral_Drivers/Src/vehicleservo.o
                0x000000000800e108                vehicleservo_radian
 *fill*         0x000000000800e154        0x4 
 .text.vehicleservo_degree
                0x000000000800e158       0x54 ./Pheripheral_Drivers/Src/vehicleservo.o
                0x000000000800e158                vehicleservo_degree
 *fill*         0x000000000800e1ac        0x4 
 .text._vehicleservo_max_shaft_range_l
                0x000000000800e1b0      0x11c ./Pheripheral_Drivers/Src/vehicleservo.o
                0x000000000800e1b0                _vehicleservo_max_shaft_range_l
 .text._vehicleservo_max_shaft_range_r
                0x000000000800e2cc      0x100 ./Pheripheral_Drivers/Src/vehicleservo.o
                0x000000000800e2cc                _vehicleservo_max_shaft_range_r
 .text.vehicleservo_get_required_shaft_shift
                0x000000000800e3cc       0xd8 ./Pheripheral_Drivers/Src/vehicleservo.o
                0x000000000800e3cc                vehicleservo_get_required_shaft_shift
 *fill*         0x000000000800e4a4        0x4 
 .text.vehicleservo_get_required_servo_angle
                0x000000000800e4a8       0xf0 ./Pheripheral_Drivers/Src/vehicleservo.o
                0x000000000800e4a8                vehicleservo_get_required_servo_angle
 .text.vehicleservo_get_required_servo_pwm
                0x000000000800e598       0xac ./Pheripheral_Drivers/Src/vehicleservo.o
                0x000000000800e598                vehicleservo_get_required_servo_pwm
 .text.vehicleservo_get_required_servo_pwm_simple
                0x000000000800e644       0x6a ./Pheripheral_Drivers/Src/vehicleservo.o
                0x000000000800e644                vehicleservo_get_required_servo_pwm_simple
 .text.vehicleservo_init
                0x000000000800e6ae       0x5e ./Pheripheral_Drivers/Src/vehicleservo.o
                0x000000000800e6ae                vehicleservo_init
 .text.vehicleservo_set_wheel_angle
                0x000000000800e70c       0xb4 ./Pheripheral_Drivers/Src/vehicleservo.o
                0x000000000800e70c                vehicleservo_set_wheel_angle
 .text.atoi     0x000000000800e7c0        0x8 /Applications/STM32CubeIDE.app/Contents/Eclipse/plugins/com.st.stm32cube.ide.mcu.externaltools.gnu-tools-for-stm32.9-2020-q2-update.macos64_2.0.0.202105311346/tools/bin/../lib/gcc/arm-none-eabi/9.3.1/../../../../arm-none-eabi/lib/thumb/v7e-m+fp/hard/libc_nano.a(lib_a-atoi.o)
                0x000000000800e7c0                atoi
 .text.__errno  0x000000000800e7c8        0xc /Applications/STM32CubeIDE.app/Contents/Eclipse/plugins/com.st.stm32cube.ide.mcu.externaltools.gnu-tools-for-stm32.9-2020-q2-update.macos64_2.0.0.202105311346/tools/bin/../lib/gcc/arm-none-eabi/9.3.1/../../../../arm-none-eabi/lib/thumb/v7e-m+fp/hard/libc_nano.a(lib_a-errno.o)
                0x000000000800e7c8                __errno
 .text.__libc_init_array
                0x000000000800e7d4       0x48 /Applications/STM32CubeIDE.app/Contents/Eclipse/plugins/com.st.stm32cube.ide.mcu.externaltools.gnu-tools-for-stm32.9-2020-q2-update.macos64_2.0.0.202105311346/tools/bin/../lib/gcc/arm-none-eabi/9.3.1/../../../../arm-none-eabi/lib/thumb/v7e-m+fp/hard/libc_nano.a(lib_a-init.o)
                0x000000000800e7d4                __libc_init_array
 .text.__retarget_lock_acquire_recursive
                0x000000000800e81c        0x2 /Applications/STM32CubeIDE.app/Contents/Eclipse/plugins/com.st.stm32cube.ide.mcu.externaltools.gnu-tools-for-stm32.9-2020-q2-update.macos64_2.0.0.202105311346/tools/bin/../lib/gcc/arm-none-eabi/9.3.1/../../../../arm-none-eabi/lib/thumb/v7e-m+fp/hard/libc_nano.a(lib_a-lock.o)
                0x000000000800e81c                __retarget_lock_acquire_recursive
 .text.__retarget_lock_release_recursive
                0x000000000800e81e        0x2 /Applications/STM32CubeIDE.app/Contents/Eclipse/plugins/com.st.stm32cube.ide.mcu.externaltools.gnu-tools-for-stm32.9-2020-q2-update.macos64_2.0.0.202105311346/tools/bin/../lib/gcc/arm-none-eabi/9.3.1/../../../../arm-none-eabi/lib/thumb/v7e-m+fp/hard/libc_nano.a(lib_a-lock.o)
                0x000000000800e81e                __retarget_lock_release_recursive
 .text.malloc   0x000000000800e820       0x10 /Applications/STM32CubeIDE.app/Contents/Eclipse/plugins/com.st.stm32cube.ide.mcu.externaltools.gnu-tools-for-stm32.9-2020-q2-update.macos64_2.0.0.202105311346/tools/bin/../lib/gcc/arm-none-eabi/9.3.1/../../../../arm-none-eabi/lib/thumb/v7e-m+fp/hard/libc_nano.a(lib_a-malloc.o)
                0x000000000800e820                malloc
 .text.free     0x000000000800e830       0x10 /Applications/STM32CubeIDE.app/Contents/Eclipse/plugins/com.st.stm32cube.ide.mcu.externaltools.gnu-tools-for-stm32.9-2020-q2-update.macos64_2.0.0.202105311346/tools/bin/../lib/gcc/arm-none-eabi/9.3.1/../../../../arm-none-eabi/lib/thumb/v7e-m+fp/hard/libc_nano.a(lib_a-malloc.o)
                0x000000000800e830                free
 .text.memcpy   0x000000000800e840       0x1c /Applications/STM32CubeIDE.app/Contents/Eclipse/plugins/com.st.stm32cube.ide.mcu.externaltools.gnu-tools-for-stm32.9-2020-q2-update.macos64_2.0.0.202105311346/tools/bin/../lib/gcc/arm-none-eabi/9.3.1/../../../../arm-none-eabi/lib/thumb/v7e-m+fp/hard/libc_nano.a(lib_a-memcpy-stub.o)
                0x000000000800e840                memcpy
 .text.memset   0x000000000800e85c       0x10 /Applications/STM32CubeIDE.app/Contents/Eclipse/plugins/com.st.stm32cube.ide.mcu.externaltools.gnu-tools-for-stm32.9-2020-q2-update.macos64_2.0.0.202105311346/tools/bin/../lib/gcc/arm-none-eabi/9.3.1/../../../../arm-none-eabi/lib/thumb/v7e-m+fp/hard/libc_nano.a(lib_a-memset.o)
                0x000000000800e85c                memset
 .text._free_r  0x000000000800e86c       0xa0 /Applications/STM32CubeIDE.app/Contents/Eclipse/plugins/com.st.stm32cube.ide.mcu.externaltools.gnu-tools-for-stm32.9-2020-q2-update.macos64_2.0.0.202105311346/tools/bin/../lib/gcc/arm-none-eabi/9.3.1/../../../../arm-none-eabi/lib/thumb/v7e-m+fp/hard/libc_nano.a(lib_a-nano-freer.o)
                0x000000000800e86c                _free_r
 .text._malloc_r
                0x000000000800e90c       0xb4 /Applications/STM32CubeIDE.app/Contents/Eclipse/plugins/com.st.stm32cube.ide.mcu.externaltools.gnu-tools-for-stm32.9-2020-q2-update.macos64_2.0.0.202105311346/tools/bin/../lib/gcc/arm-none-eabi/9.3.1/../../../../arm-none-eabi/lib/thumb/v7e-m+fp/hard/libc_nano.a(lib_a-nano-mallocr.o)
                0x000000000800e90c                _malloc_r
 .text.cleanup_glue
                0x000000000800e9c0       0x1a /Applications/STM32CubeIDE.app/Contents/Eclipse/plugins/com.st.stm32cube.ide.mcu.externaltools.gnu-tools-for-stm32.9-2020-q2-update.macos64_2.0.0.202105311346/tools/bin/../lib/gcc/arm-none-eabi/9.3.1/../../../../arm-none-eabi/lib/thumb/v7e-m+fp/hard/libc_nano.a(lib_a-reent.o)
                0x000000000800e9c0                cleanup_glue
 *fill*         0x000000000800e9da        0x2 
 .text._reclaim_reent
                0x000000000800e9dc       0xb8 /Applications/STM32CubeIDE.app/Contents/Eclipse/plugins/com.st.stm32cube.ide.mcu.externaltools.gnu-tools-for-stm32.9-2020-q2-update.macos64_2.0.0.202105311346/tools/bin/../lib/gcc/arm-none-eabi/9.3.1/../../../../arm-none-eabi/lib/thumb/v7e-m+fp/hard/libc_nano.a(lib_a-reent.o)
                0x000000000800e9dc                _reclaim_reent
 .text._sbrk_r  0x000000000800ea94       0x20 /Applications/STM32CubeIDE.app/Contents/Eclipse/plugins/com.st.stm32cube.ide.mcu.externaltools.gnu-tools-for-stm32.9-2020-q2-update.macos64_2.0.0.202105311346/tools/bin/../lib/gcc/arm-none-eabi/9.3.1/../../../../arm-none-eabi/lib/thumb/v7e-m+fp/hard/libc_nano.a(lib_a-sbrkr.o)
                0x000000000800ea94                _sbrk_r
 .text.sprintf  0x000000000800eab4       0x40 /Applications/STM32CubeIDE.app/Contents/Eclipse/plugins/com.st.stm32cube.ide.mcu.externaltools.gnu-tools-for-stm32.9-2020-q2-update.macos64_2.0.0.202105311346/tools/bin/../lib/gcc/arm-none-eabi/9.3.1/../../../../arm-none-eabi/lib/thumb/v7e-m+fp/hard/libc_nano.a(lib_a-sprintf.o)
                0x000000000800eab4                sprintf
                0x000000000800eab4                siprintf
 .text._strtol_l.isra.0
                0x000000000800eaf4      0x108 /Applications/STM32CubeIDE.app/Contents/Eclipse/plugins/com.st.stm32cube.ide.mcu.externaltools.gnu-tools-for-stm32.9-2020-q2-update.macos64_2.0.0.202105311346/tools/bin/../lib/gcc/arm-none-eabi/9.3.1/../../../../arm-none-eabi/lib/thumb/v7e-m+fp/hard/libc_nano.a(lib_a-strtol.o)
 .text.strtol   0x000000000800ebfc       0x14 /Applications/STM32CubeIDE.app/Contents/Eclipse/plugins/com.st.stm32cube.ide.mcu.externaltools.gnu-tools-for-stm32.9-2020-q2-update.macos64_2.0.0.202105311346/tools/bin/../lib/gcc/arm-none-eabi/9.3.1/../../../../arm-none-eabi/lib/thumb/v7e-m+fp/hard/libc_nano.a(lib_a-strtol.o)
                0x000000000800ebfc                strtol
 .text.__malloc_lock
                0x000000000800ec10        0xc /Applications/STM32CubeIDE.app/Contents/Eclipse/plugins/com.st.stm32cube.ide.mcu.externaltools.gnu-tools-for-stm32.9-2020-q2-update.macos64_2.0.0.202105311346/tools/bin/../lib/gcc/arm-none-eabi/9.3.1/../../../../arm-none-eabi/lib/thumb/v7e-m+fp/hard/libc_nano.a(lib_a-mlock.o)
                0x000000000800ec10                __malloc_lock
 .text.__malloc_unlock
                0x000000000800ec1c        0xc /Applications/STM32CubeIDE.app/Contents/Eclipse/plugins/com.st.stm32cube.ide.mcu.externaltools.gnu-tools-for-stm32.9-2020-q2-update.macos64_2.0.0.202105311346/tools/bin/../lib/gcc/arm-none-eabi/9.3.1/../../../../arm-none-eabi/lib/thumb/v7e-m+fp/hard/libc_nano.a(lib_a-mlock.o)
                0x000000000800ec1c                __malloc_unlock
 .text.__ssputs_r
                0x000000000800ec28       0xb6 /Applications/STM32CubeIDE.app/Contents/Eclipse/plugins/com.st.stm32cube.ide.mcu.externaltools.gnu-tools-for-stm32.9-2020-q2-update.macos64_2.0.0.202105311346/tools/bin/../lib/gcc/arm-none-eabi/9.3.1/../../../../arm-none-eabi/lib/thumb/v7e-m+fp/hard/libc_nano.a(lib_a-nano-svfprintf.o)
                0x000000000800ec28                __ssputs_r
 *fill*         0x000000000800ecde        0x2 
 .text._svfprintf_r
                0x000000000800ece0      0x200 /Applications/STM32CubeIDE.app/Contents/Eclipse/plugins/com.st.stm32cube.ide.mcu.externaltools.gnu-tools-for-stm32.9-2020-q2-update.macos64_2.0.0.202105311346/tools/bin/../lib/gcc/arm-none-eabi/9.3.1/../../../../arm-none-eabi/lib/thumb/v7e-m+fp/hard/libc_nano.a(lib_a-nano-svfprintf.o)
                0x000000000800ece0                _svfprintf_r
                0x000000000800ece0                _svfiprintf_r
 .text._printf_common
                0x000000000800eee0       0xda /Applications/STM32CubeIDE.app/Contents/Eclipse/plugins/com.st.stm32cube.ide.mcu.externaltools.gnu-tools-for-stm32.9-2020-q2-update.macos64_2.0.0.202105311346/tools/bin/../lib/gcc/arm-none-eabi/9.3.1/../../../../arm-none-eabi/lib/thumb/v7e-m+fp/hard/libc_nano.a(lib_a-nano-vfprintf_i.o)
                0x000000000800eee0                _printf_common
 *fill*         0x000000000800efba        0x2 
 .text._printf_i
                0x000000000800efbc      0x24c /Applications/STM32CubeIDE.app/Contents/Eclipse/plugins/com.st.stm32cube.ide.mcu.externaltools.gnu-tools-for-stm32.9-2020-q2-update.macos64_2.0.0.202105311346/tools/bin/../lib/gcc/arm-none-eabi/9.3.1/../../../../arm-none-eabi/lib/thumb/v7e-m+fp/hard/libc_nano.a(lib_a-nano-vfprintf_i.o)
                0x000000000800efbc                _printf_i
 .text.memmove  0x000000000800f208       0x34 /Applications/STM32CubeIDE.app/Contents/Eclipse/plugins/com.st.stm32cube.ide.mcu.externaltools.gnu-tools-for-stm32.9-2020-q2-update.macos64_2.0.0.202105311346/tools/bin/../lib/gcc/arm-none-eabi/9.3.1/../../../../arm-none-eabi/lib/thumb/v7e-m+fp/hard/libc_nano.a(lib_a-memmove.o)
                0x000000000800f208                memmove
 .text._realloc_r
                0x000000000800f23c       0x4c /Applications/STM32CubeIDE.app/Contents/Eclipse/plugins/com.st.stm32cube.ide.mcu.externaltools.gnu-tools-for-stm32.9-2020-q2-update.macos64_2.0.0.202105311346/tools/bin/../lib/gcc/arm-none-eabi/9.3.1/../../../../arm-none-eabi/lib/thumb/v7e-m+fp/hard/libc_nano.a(lib_a-nano-reallocr.o)
                0x000000000800f23c                _realloc_r
 .text._malloc_usable_size_r
                0x000000000800f288       0x10 /Applications/STM32CubeIDE.app/Contents/Eclipse/plugins/com.st.stm32cube.ide.mcu.externaltools.gnu-tools-for-stm32.9-2020-q2-update.macos64_2.0.0.202105311346/tools/bin/../lib/gcc/arm-none-eabi/9.3.1/../../../../arm-none-eabi/lib/thumb/v7e-m+fp/hard/libc_nano.a(lib_a-nano-msizer.o)
                0x000000000800f288                _malloc_usable_size_r
 .text.round    0x000000000800f298       0x8c /Applications/STM32CubeIDE.app/Contents/Eclipse/plugins/com.st.stm32cube.ide.mcu.externaltools.gnu-tools-for-stm32.9-2020-q2-update.macos64_2.0.0.202105311346/tools/bin/../lib/gcc/arm-none-eabi/9.3.1/../../../../arm-none-eabi/lib/thumb/v7e-m+fp/hard/libm.a(lib_a-s_round.o)
                0x000000000800f298                round
 *fill*         0x000000000800f324        0x4 
 .text.sin      0x000000000800f328       0xa8 /Applications/STM32CubeIDE.app/Contents/Eclipse/plugins/com.st.stm32cube.ide.mcu.externaltools.gnu-tools-for-stm32.9-2020-q2-update.macos64_2.0.0.202105311346/tools/bin/../lib/gcc/arm-none-eabi/9.3.1/../../../../arm-none-eabi/lib/thumb/v7e-m+fp/hard/libm.a(lib_a-s_sin.o)
                0x000000000800f328                sin
 .text.tan      0x000000000800f3d0       0x60 /Applications/STM32CubeIDE.app/Contents/Eclipse/plugins/com.st.stm32cube.ide.mcu.externaltools.gnu-tools-for-stm32.9-2020-q2-update.macos64_2.0.0.202105311346/tools/bin/../lib/gcc/arm-none-eabi/9.3.1/../../../../arm-none-eabi/lib/thumb/v7e-m+fp/hard/libm.a(lib_a-s_tan.o)
                0x000000000800f3d0                tan
 .text.acos     0x000000000800f430       0x74 /Applications/STM32CubeIDE.app/Contents/Eclipse/plugins/com.st.stm32cube.ide.mcu.externaltools.gnu-tools-for-stm32.9-2020-q2-update.macos64_2.0.0.202105311346/tools/bin/../lib/gcc/arm-none-eabi/9.3.1/../../../../arm-none-eabi/lib/thumb/v7e-m+fp/hard/libm.a(lib_a-w_acos.o)
                0x000000000800f430                acos
 .text.sqrt     0x000000000800f4a4       0x68 /Applications/STM32CubeIDE.app/Contents/Eclipse/plugins/com.st.stm32cube.ide.mcu.externaltools.gnu-tools-for-stm32.9-2020-q2-update.macos64_2.0.0.202105311346/tools/bin/../lib/gcc/arm-none-eabi/9.3.1/../../../../arm-none-eabi/lib/thumb/v7e-m+fp/hard/libm.a(lib_a-w_sqrt.o)
                0x000000000800f4a4                sqrt
 *fill*         0x000000000800f50c        0x4 
 .text.__ieee754_acos
                0x000000000800f510      0x4c0 /Applications/STM32CubeIDE.app/Contents/Eclipse/plugins/com.st.stm32cube.ide.mcu.externaltools.gnu-tools-for-stm32.9-2020-q2-update.macos64_2.0.0.202105311346/tools/bin/../lib/gcc/arm-none-eabi/9.3.1/../../../../arm-none-eabi/lib/thumb/v7e-m+fp/hard/libm.a(lib_a-e_acos.o)
                0x000000000800f510                __ieee754_acos
 .text.__ieee754_rem_pio2
                0x000000000800f9d0      0x414 /Applications/STM32CubeIDE.app/Contents/Eclipse/plugins/com.st.stm32cube.ide.mcu.externaltools.gnu-tools-for-stm32.9-2020-q2-update.macos64_2.0.0.202105311346/tools/bin/../lib/gcc/arm-none-eabi/9.3.1/../../../../arm-none-eabi/lib/thumb/v7e-m+fp/hard/libm.a(lib_a-e_rem_pio2.o)
                0x000000000800f9d0                __ieee754_rem_pio2
 .text.__ieee754_sqrt
                0x000000000800fde4      0x168 /Applications/STM32CubeIDE.app/Contents/Eclipse/plugins/com.st.stm32cube.ide.mcu.externaltools.gnu-tools-for-stm32.9-2020-q2-update.macos64_2.0.0.202105311346/tools/bin/../lib/gcc/arm-none-eabi/9.3.1/../../../../arm-none-eabi/lib/thumb/v7e-m+fp/hard/libm.a(lib_a-e_sqrt.o)
                0x000000000800fde4                __ieee754_sqrt
 *fill*         0x000000000800ff4c        0x4 
 .text.__kernel_cos
                0x000000000800ff50      0x18c /Applications/STM32CubeIDE.app/Contents/Eclipse/plugins/com.st.stm32cube.ide.mcu.externaltools.gnu-tools-for-stm32.9-2020-q2-update.macos64_2.0.0.202105311346/tools/bin/../lib/gcc/arm-none-eabi/9.3.1/../../../../arm-none-eabi/lib/thumb/v7e-m+fp/hard/libm.a(lib_a-k_cos.o)
                0x000000000800ff50                __kernel_cos
 *fill*         0x00000000080100dc        0x4 
 .text.__kernel_rem_pio2
                0x00000000080100e0      0x680 /Applications/STM32CubeIDE.app/Contents/Eclipse/plugins/com.st.stm32cube.ide.mcu.externaltools.gnu-tools-for-stm32.9-2020-q2-update.macos64_2.0.0.202105311346/tools/bin/../lib/gcc/arm-none-eabi/9.3.1/../../../../arm-none-eabi/lib/thumb/v7e-m+fp/hard/libm.a(lib_a-k_rem_pio2.o)
                0x00000000080100e0                __kernel_rem_pio2
 .text.__kernel_sin
                0x0000000008010760      0x17c /Applications/STM32CubeIDE.app/Contents/Eclipse/plugins/com.st.stm32cube.ide.mcu.externaltools.gnu-tools-for-stm32.9-2020-q2-update.macos64_2.0.0.202105311346/tools/bin/../lib/gcc/arm-none-eabi/9.3.1/../../../../arm-none-eabi/lib/thumb/v7e-m+fp/hard/libm.a(lib_a-k_sin.o)
                0x0000000008010760                __kernel_sin
 *fill*         0x00000000080108dc        0x4 
 .text.__kernel_tan
                0x00000000080108e0      0x3a8 /Applications/STM32CubeIDE.app/Contents/Eclipse/plugins/com.st.stm32cube.ide.mcu.externaltools.gnu-tools-for-stm32.9-2020-q2-update.macos64_2.0.0.202105311346/tools/bin/../lib/gcc/arm-none-eabi/9.3.1/../../../../arm-none-eabi/lib/thumb/v7e-m+fp/hard/libm.a(lib_a-k_tan.o)
                0x00000000080108e0                __kernel_tan
 .text.fabs     0x0000000008010c88       0x12 /Applications/STM32CubeIDE.app/Contents/Eclipse/plugins/com.st.stm32cube.ide.mcu.externaltools.gnu-tools-for-stm32.9-2020-q2-update.macos64_2.0.0.202105311346/tools/bin/../lib/gcc/arm-none-eabi/9.3.1/../../../../arm-none-eabi/lib/thumb/v7e-m+fp/hard/libm.a(lib_a-s_fabs.o)
                0x0000000008010c88                fabs
 *fill*         0x0000000008010c9a        0x6 
 .text.floor    0x0000000008010ca0      0x100 /Applications/STM32CubeIDE.app/Contents/Eclipse/plugins/com.st.stm32cube.ide.mcu.externaltools.gnu-tools-for-stm32.9-2020-q2-update.macos64_2.0.0.202105311346/tools/bin/../lib/gcc/arm-none-eabi/9.3.1/../../../../arm-none-eabi/lib/thumb/v7e-m+fp/hard/libm.a(lib_a-s_floor.o)
                0x0000000008010ca0                floor
 .text.nan      0x0000000008010da0       0x10 /Applications/STM32CubeIDE.app/Contents/Eclipse/plugins/com.st.stm32cube.ide.mcu.externaltools.gnu-tools-for-stm32.9-2020-q2-update.macos64_2.0.0.202105311346/tools/bin/../lib/gcc/arm-none-eabi/9.3.1/../../../../arm-none-eabi/lib/thumb/v7e-m+fp/hard/libm.a(lib_a-s_nan.o)
                0x0000000008010da0                nan
 .text.scalbn   0x0000000008010db0      0x10c /Applications/STM32CubeIDE.app/Contents/Eclipse/plugins/com.st.stm32cube.ide.mcu.externaltools.gnu-tools-for-stm32.9-2020-q2-update.macos64_2.0.0.202105311346/tools/bin/../lib/gcc/arm-none-eabi/9.3.1/../../../../arm-none-eabi/lib/thumb/v7e-m+fp/hard/libm.a(lib_a-s_scalbn.o)
                0x0000000008010db0                scalbn
 *(.glue_7)
 .glue_7        0x0000000008010ebc        0x0 linker stubs
 *(.glue_7t)
 .glue_7t       0x0000000008010ebc        0x0 linker stubs
 *(.eh_frame)
 .eh_frame      0x0000000008010ebc        0x0 /Applications/STM32CubeIDE.app/Contents/Eclipse/plugins/com.st.stm32cube.ide.mcu.externaltools.gnu-tools-for-stm32.9-2020-q2-update.macos64_2.0.0.202105311346/tools/bin/../lib/gcc/arm-none-eabi/9.3.1/thumb/v7e-m+fp/hard/crtbegin.o
 *(.init)
 .init          0x0000000008010ebc        0x4 /Applications/STM32CubeIDE.app/Contents/Eclipse/plugins/com.st.stm32cube.ide.mcu.externaltools.gnu-tools-for-stm32.9-2020-q2-update.macos64_2.0.0.202105311346/tools/bin/../lib/gcc/arm-none-eabi/9.3.1/thumb/v7e-m+fp/hard/crti.o
                0x0000000008010ebc                _init
 .init          0x0000000008010ec0        0x8 /Applications/STM32CubeIDE.app/Contents/Eclipse/plugins/com.st.stm32cube.ide.mcu.externaltools.gnu-tools-for-stm32.9-2020-q2-update.macos64_2.0.0.202105311346/tools/bin/../lib/gcc/arm-none-eabi/9.3.1/thumb/v7e-m+fp/hard/crtn.o
 *(.fini)
 .fini          0x0000000008010ec8        0x4 /Applications/STM32CubeIDE.app/Contents/Eclipse/plugins/com.st.stm32cube.ide.mcu.externaltools.gnu-tools-for-stm32.9-2020-q2-update.macos64_2.0.0.202105311346/tools/bin/../lib/gcc/arm-none-eabi/9.3.1/thumb/v7e-m+fp/hard/crti.o
                0x0000000008010ec8                _fini
 .fini          0x0000000008010ecc        0x8 /Applications/STM32CubeIDE.app/Contents/Eclipse/plugins/com.st.stm32cube.ide.mcu.externaltools.gnu-tools-for-stm32.9-2020-q2-update.macos64_2.0.0.202105311346/tools/bin/../lib/gcc/arm-none-eabi/9.3.1/thumb/v7e-m+fp/hard/crtn.o
                0x0000000008010ed4                . = ALIGN (0x4)
                0x0000000008010ed4                _etext = .

.vfp11_veneer   0x0000000008010ed4        0x0
 .vfp11_veneer  0x0000000008010ed4        0x0 linker stubs

.v4_bx          0x0000000008010ed4        0x0
 .v4_bx         0x0000000008010ed4        0x0 linker stubs

.iplt           0x0000000008010ed4        0x0
 .iplt          0x0000000008010ed4        0x0 /Applications/STM32CubeIDE.app/Contents/Eclipse/plugins/com.st.stm32cube.ide.mcu.externaltools.gnu-tools-for-stm32.9-2020-q2-update.macos64_2.0.0.202105311346/tools/bin/../lib/gcc/arm-none-eabi/9.3.1/thumb/v7e-m+fp/hard/crtbegin.o

.rodata         0x0000000008010ed8      0xfb8
                0x0000000008010ed8                . = ALIGN (0x4)
 *(.rodata)
 .rodata        0x0000000008010ed8      0x100 ./Core/Src/main.o
 .rodata        0x0000000008010fd8        0x5 ./Middlewares/Third_Party/FreeRTOS/Source/tasks.o
 *fill*         0x0000000008010fdd        0x3 
 .rodata        0x0000000008010fe0        0xd ./Middlewares/Third_Party/FreeRTOS/Source/timers.o
 *fill*         0x0000000008010fed        0x3 
 .rodata        0x0000000008010ff0        0x3 ./Pheripheral_Drivers/Src/icm20948.o
 *(.rodata*)
 *fill*         0x0000000008010ff3        0x1 
 .rodata.defaultTask_attributes
                0x0000000008010ff4       0x24 ./Core/Src/main.o
                0x0000000008010ff4                defaultTask_attributes
 .rodata.UART_Task_attributes
                0x0000000008011018       0x24 ./Core/Src/main.o
                0x0000000008011018                UART_Task_attributes
 .rodata.ShowTask_attributes
                0x000000000801103c       0x24 ./Core/Src/main.o
                0x000000000801103c                ShowTask_attributes
 .rodata.PathBuilderTask_attributes
                0x0000000008011060       0x24 ./Core/Src/main.o
                0x0000000008011060                PathBuilderTask_attributes
 .rodata.IRTask_attributes
                0x0000000008011084       0x24 ./Core/Src/main.o
                0x0000000008011084                IRTask_attributes
 .rodata.AHBPrescTable
                0x00000000080110a8       0x10 ./Core/Src/system_stm32f4xx.o
                0x00000000080110a8                AHBPrescTable
 .rodata.APBPrescTable
                0x00000000080110b8        0x8 ./Core/Src/system_stm32f4xx.o
                0x00000000080110b8                APBPrescTable
 .rodata.oled_asc2_1206
                0x00000000080110c0      0x474 ./Pheripheral_Drivers/Src/oled.o
                0x00000000080110c0                oled_asc2_1206
 .rodata.oled_asc2_1608
                0x0000000008011534      0x5f0 ./Pheripheral_Drivers/Src/oled.o
                0x0000000008011534                oled_asc2_1608
 .rodata.__sf_fake_stderr