speed.c:10:19:angle_subcontrol_init	32	static
speed.c:38:6:angle_subcontrol_set_leftanglemul	16	static
speed.c:42:6:angle_subcontrol_set_rightanglemul	16	static
speed.c:46:7:angle_subcontrol_set_status	16	static
speed.c:50:6:angle_subcontrol_reset_degree	16	static
speed.c:59:6:angle_subcontrol_set_angle	16	static
speed.c:64:7:angle_subcontrol_get_gyro_Z_degree_sample	64	static
speed.c:80:7:angle_subcontrol_get_gyrosum	16	static
speed.c:86:6:angle_subcontrol_run	64	static
speed.c:121:19:speed_subcontrol_init	32	static
speed.c:135:6:speed_subcontrol_reset_PWM	16	static
speed.c:142:6:speed_subcontrol_set_speed	16	static
speed.c:146:6:speed_subcontrol_run	32	static
speed.c:172:16:speed_control_init	40	static
speed.c:209:6:speed_control_toggle_correction	16	static
speed.c:215:6:speed_control_set_status	16	static
speed.c:219:6:speed_control_set_callbackdistptr	16	static
speed.c:223:6:speed_control_path_setup	48	static
speed.c:239:6:speed_control_path_start	24	static
speed.c:262:6:speed_control_path_end	16	static
speed.c:275:6:speed_control_path_break	16	static
speed.c:284:6:speed_control_path_return	32	static
speed.c:299:7:speed_control_cal_idealspeed_tick	16	static
speed.c:309:7:speed_control_cal_idealspeed_pulse	24	static
speed.c:319:7:speed_control_get_tickprogress_L	24	static
speed.c:324:7:speed_control_get_tickprogress_R	24	static
speed.c:329:7:speed_control_get_pulseprogress_L	24	static
speed.c:334:7:speed_control_get_pulseprogress_R	24	static
speed.c:340:6:speed_control_run	136	static
