main.c:199:5:isnumchar	16	static
main.c:204:5:isalphachar	16	static
main.c:210:6:uart_switch	48	static
main.c:320:5:main	8	static
main.c:420:6:SystemClock_Config	88	static
main.c:460:13:MX_ADC1_Init	24	static
main.c:510:13:MX_ADC2_Init	24	static
main.c:560:13:MX_I2C1_Init	8	static
main.c:593:13:MX_TIM1_Init	112	static
main.c:681:13:MX_TIM2_Init	56	static
main.c:730:13:MX_TIM4_Init	56	static
main.c:779:13:MX_TIM8_Init	96	static
main.c:858:13:MX_USART3_UART_Init	8	static
main.c:891:13:MX_GPIO_Init	48	static
main.c:953:6:HAL_TIM_IC_CaptureCallback	16	static
main.c:984:6:HCSR04_Read	8	static
main.c:993:6:HAL_UART_RxCpltCallback	16	static
main.c:1016:6:StartDefaultTask	16	static
main.c:1044:6:StartUartTask	16	static
main.c:1066:6:StartShowTask	128	static
main.c:1158:6:StartPathBuilderTask	104	static
main.c:1476:6:IR	56	static
main.c:1523:6:HAL_TIM_PeriodElapsedCallback	16	static
main.c:1540:6:Error_Handler	4	static,ignoring_inline_asm
